CVAE CONTINUATION COMMAND
D:\APPs\Anaconda\envs\storage-dfl\python.exe E:\Vscode\ESS_planning\dfl-storage-planning-local\scripts\train_generator.py --config E:\Vscode\ESS_planning\dfl-storage-planning-local\outputs\baselines\learning_objective\hourly_layered_t1\suites\20260812-103204\configs\cvae_only_seed_20260808.yaml --resume-checkpoint E:\Vscode\ESS_planning\dfl-storage-planning-local\outputs\baselines\learning_objective\hourly_layered_t1\cvae_only\seed_20260808\cvae.pt --additional-epochs 250

Starting generator training with E:\Vscode\ESS_planning\dfl-storage-planning-local\outputs\baselines\learning_objective\hourly_layered_t1\suites\20260812-103204\configs\cvae_only_seed_20260808.yaml...
Resuming cvae from epoch 50 for 250 additional epochs.
CVAE epoch 60/300: loss=0.188292, reconstruction=0.116223, net_peak=0.002619, price_spread=1.672435, carbon_spread=0.066614, beta=0.01, val_loss=0.620889, val_carbon_spread=0.893562
CVAE epoch 70/300: loss=0.165276, reconstruction=0.102751, net_peak=0.002007, price_spread=1.660412, carbon_spread=0.048452, beta=0.01, val_loss=0.616432, val_carbon_spread=0.899017
CVAE epoch 80/300: loss=0.158871, reconstruction=0.093612, net_peak=0.001801, price_spread=1.658792, carbon_spread=0.055693, beta=0.01, val_loss=0.623901, val_carbon_spread=0.927587
CVAE epoch 90/300: loss=0.146325, reconstruction=0.088391, net_peak=0.001763, price_spread=1.669912, carbon_spread=0.043071, beta=0.01, val_loss=0.573892, val_carbon_spread=0.834300
CVAE epoch 100/300: loss=0.128367, reconstruction=0.080163, net_peak=0.002392, price_spread=1.631981, carbon_spread=0.023105, beta=0.01, val_loss=0.554480, val_carbon_spread=0.808111
CVAE epoch 110/300: loss=0.127321, reconstruction=0.077265, net_peak=0.001488, price_spread=1.636956, carbon_spread=0.029104, beta=0.01, val_loss=0.559176, val_carbon_spread=0.821675
CVAE epoch 120/300: loss=0.133007, reconstruction=0.076438, net_peak=0.001793, price_spread=1.643302, carbon_spread=0.043753, beta=0.01, val_loss=0.589746, val_carbon_spread=0.876115
CVAE epoch 130/300: loss=0.124221, reconstruction=0.071865, net_peak=0.001704, price_spread=1.643581, carbon_spread=0.035699, beta=0.01, val_loss=0.532458, val_carbon_spread=0.775647
CVAE epoch 140/300: loss=0.108874, reconstruction=0.064694, net_peak=0.001186, price_spread=1.617357, carbon_spread=0.020832, beta=0.01, val_loss=0.528130, val_carbon_spread=0.774562
CVAE epoch 150/300: loss=0.101050, reconstruction=0.061604, net_peak=0.001224, price_spread=1.614037, carbon_spread=0.012701, beta=0.01, val_loss=0.529253, val_carbon_spread=0.779217
CVAE epoch 160/300: loss=0.102872, reconstruction=0.058665, net_peak=0.001357, price_spread=1.613296, carbon_spread=0.023252, beta=0.01, val_loss=0.522361, val_carbon_spread=0.771995
CVAE epoch 170/300: loss=0.107496, reconstruction=0.058911, net_peak=0.001653, price_spread=1.616888, carbon_spread=0.032872, beta=0.01, val_loss=0.520781, val_carbon_spread=0.770094
CVAE epoch 180/300: loss=0.098153, reconstruction=0.055517, net_peak=0.001694, price_spread=1.616887, carbon_spread=0.022011, beta=0.01, val_loss=0.542398, val_carbon_spread=0.814180
CVAE epoch 190/300: loss=0.100575, reconstruction=0.055202, net_peak=0.000994, price_spread=1.625611, carbon_spread=0.028844, beta=0.01, val_loss=0.497869, val_carbon_spread=0.727045
CVAE epoch 200/300: loss=0.096857, reconstruction=0.052395, net_peak=0.001105, price_spread=1.621011, carbon_spread=0.027963, beta=0.01, val_loss=0.503169, val_carbon_spread=0.738495
CVAE epoch 210/300: loss=0.103269, reconstruction=0.054771, net_peak=0.001047, price_spread=1.630270, carbon_spread=0.037299, beta=0.01, val_loss=0.491886, val_carbon_spread=0.716188
CVAE epoch 220/300: loss=0.097935, reconstruction=0.053107, net_peak=0.000951, price_spread=1.633441, carbon_spread=0.030260, beta=0.01, val_loss=0.491256, val_carbon_spread=0.718574
CVAE epoch 230/300: loss=0.086523, reconstruction=0.046628, net_peak=0.001193, price_spread=1.596724, carbon_spread=0.019613, beta=0.01, val_loss=0.498347, val_carbon_spread=0.735581
CVAE epoch 240/300: loss=0.079770, reconstruction=0.044160, net_peak=0.000858, price_spread=1.588218, carbon_spread=0.013001, beta=0.01, val_loss=0.474130, val_carbon_spread=0.685838
CVAE epoch 250/300: loss=0.082640, reconstruction=0.043843, net_peak=0.001047, price_spread=1.583140, carbon_spread=0.020220, beta=0.01, val_loss=0.476393, val_carbon_spread=0.690086
CVAE epoch 260/300: loss=0.075743, reconstruction=0.039626, net_peak=0.001072, price_spread=1.570748, carbon_spread=0.014662, beta=0.01, val_loss=0.471565, val_carbon_spread=0.684893
CVAE epoch 270/300: loss=0.071476, reconstruction=0.038061, net_peak=0.001251, price_spread=1.578069, carbon_spread=0.010608, beta=0.01, val_loss=0.476507, val_carbon_spread=0.695288
CVAE epoch 280/300: loss=0.078901, reconstruction=0.040392, net_peak=0.000716, price_spread=1.580744, carbon_spread=0.021114, beta=0.01, val_loss=0.474499, val_carbon_spread=0.687919
CVAE epoch 290/300: loss=0.086786, reconstruction=0.041697, net_peak=0.001031, price_spread=1.563632, carbon_spread=0.033845, beta=0.01, val_loss=0.486689, val_carbon_spread=0.704624
CVAE epoch 300/300: loss=0.074336, reconstruction=0.038646, net_peak=0.000708, price_spread=1.548185, carbon_spread=0.015176, beta=0.01, val_loss=0.466636, val_carbon_spread=0.671985
generator: cvae
device: cuda
epochs: 250
latent dim: 16
loss: 0.210732 -> 0.074336
checkpoint: E:\Vscode\ESS_planning\dfl-storage-planning-local\outputs\baselines\learning_objective\hourly_layered_t1\cvae_only\seed_20260808\cvae.pt
TRAIN COMMAND
D:\APPs\Anaconda\envs\storage-dfl\python.exe E:\Vscode\ESS_planning\dfl-storage-planning-local\scripts\train_dfl.py --config E:\Vscode\ESS_planning\dfl-storage-planning-local\outputs\baselines\learning_objective\hourly_layered_t1\suites\20260812-103204\configs\cvae_only_seed_20260808.yaml

Starting DFL training with E:\Vscode\ESS_planning\dfl-storage-planning-local\outputs\baselines\learning_objective\hourly_layered_t1\suites\20260812-103204\configs\cvae_only_seed_20260808.yaml...
DFL initialization: pretrained generator checkpoint
training solves at relative gap 0.01; evaluation stays at 0.001
generator: cvae
method: recourse_feasibility
device: cuda
epochs: 0
scenario weights: [0.19858040459298443, 0.0023659923450259565, 0.0023659923450259565, 0.19858040459298443, 0.19858040459298443, 0.19858040459298443, 0.0023659923450259565, 0.19858040459298443]
final design: installed=['PCC'], P=1.2219 MW, E=5.3090 MWh
checkpoint: E:\Vscode\ESS_planning\dfl-storage-planning-local\outputs\baselines\learning_objective\hourly_layered_t1\cvae_only\seed_20260808\runs\20260812-103307\checkpoint.pt
run id: 20260812-103307

EVALUATION COMMAND
D:\APPs\Anaconda\envs\storage-dfl\python.exe E:\Vscode\ESS_planning\dfl-storage-planning-local\scripts\evaluate.py --config E:\Vscode\ESS_planning\dfl-storage-planning-local\outputs\baselines\learning_objective\hourly_layered_t1\suites\20260812-103204\configs\cvae_only_seed_20260808.yaml --checkpoint E:\Vscode\ESS_planning\dfl-storage-planning-local\outputs\baselines\learning_objective\hourly_layered_t1\cvae_only\seed_20260808\runs\20260812-103307\checkpoint.pt

Starting evaluation with E:\Vscode\ESS_planning\dfl-storage-planning-local\outputs\baselines\learning_objective\hourly_layered_t1\suites\20260812-103204\configs\cvae_only_seed_20260808.yaml...
Out-of-sample evaluation: solving 16 scenarios separately...
No-storage reference: solving 16 scenarios separately...
Perfect-information reference: solving the true scenario MILP...
generator: cvae
method: recourse_feasibility
evaluated checkpoint: E:\Vscode\ESS_planning\dfl-storage-planning-local\outputs\baselines\learning_objective\hourly_layered_t1\cvae_only\seed_20260808\runs\20260812-103307\checkpoint.pt
training run id: 20260812-103307
trained carbon formulation: layered_pcc
evaluation carbon formulation: layered_pcc
evaluated design source: selected_training_design
installed buses: ['PCC']
power MW: {'PCC': 1.2218989133834839}
energy MWh: {'PCC': 5.308980898876028}
planning objective: 5231140.12
validation objective: 5807806.28
no-storage reference: 6016801.86
storage value: 208995.57
normalized decision regret: 0.024632
load shedding MWh: 3.929557
carbon excess tCO2: 831.601048
PV curtailment MWh: 0.000000
served demand MWh: 74474.083227
recourse operating cost: 5310305.71
recourse total planning cost: 5807806.28
