TRAIN COMMAND
D:\APPs\Anaconda\envs\storage-dfl\python.exe E:\Vscode\ESS_planning\dfl-storage-planning-local\scripts\train_dfl.py --config E:\Vscode\ESS_planning\dfl-storage-planning-local\outputs\baselines\learning_objective\hourly_layered_t1\suites\20260812-103204\configs\dfl_full_seed_20260808.yaml

Starting DFL training with E:\Vscode\ESS_planning\dfl-storage-planning-local\outputs\baselines\learning_objective\hourly_layered_t1\suites\20260812-103204\configs\dfl_full_seed_20260808.yaml...
DFL initialization: pretrained generator checkpoint
training solves at relative gap 0.01; evaluation stays at 0.001
Fixed validation baseline (pretrained epoch -1): shed=5.05e-05, carbon=0.0118 t/MWh, regret=0.0154
Recourse DFL epoch 1/45: CVAE=0.197857, IPL=0.00297, OPL=0.000193, lambda_eff=27.6; train_shed=2.93e-05, train_regret=0.0127; fixed_val_shed=3.61e-05, fixed_val_carbon=0.0116, fixed_val_regret=0.0145 [best]
Recourse DFL epoch 2/45: CVAE=0.55975, IPL=0.00286, OPL=0.000202, lambda_eff=158; train_shed=2.83e-05, train_regret=0.0149; fixed_val_shed=2.53e-05, fixed_val_carbon=0.0114, fixed_val_regret=0.014 [best]
Recourse DFL epoch 3/45: CVAE=0.253164, IPL=0.00276, OPL=0.00022, lambda_eff=35.5; train_shed=2.45e-05, train_regret=0.0142; fixed_val_shed=2.31e-05, fixed_val_carbon=0.0112, fixed_val_regret=0.0174 [best]
Recourse DFL epoch 4/45: CVAE=0.349731, IPL=0.0025, OPL=0.000248, lambda_eff=61.3; train_shed=2.38e-05, train_regret=0.0123; fixed_val_shed=2.11e-05, fixed_val_carbon=0.011, fixed_val_regret=0.0142 [best]
Recourse DFL epoch 5/45: CVAE=0.420327, IPL=0.00232, OPL=0.000276, lambda_eff=59.1; train_shed=1.93e-05, train_regret=0.015; fixed_val_shed=1.01e-05, fixed_val_carbon=0.0108, fixed_val_regret=0.0135 [best]
Recourse DFL epoch 6/45: CVAE=0.276634, IPL=0.00215, OPL=0.000299, lambda_eff=42.5; train_shed=1.58e-05, train_regret=0.014; fixed_val_shed=7.82e-06, fixed_val_carbon=0.0107, fixed_val_regret=0.0136 [best]
Recourse DFL epoch 7/45: CVAE=0.279089, IPL=0.00202, OPL=0.000308, lambda_eff=31.6; train_shed=1.52e-05, train_regret=0.0146; fixed_val_shed=6.67e-06, fixed_val_carbon=0.0106, fixed_val_regret=0.0135 [best]
Recourse DFL epoch 8/45: CVAE=0.313576, IPL=0.00189, OPL=0.000308, lambda_eff=30.7; train_shed=1.3e-05, train_regret=0.0141; fixed_val_shed=2.01e-06, fixed_val_carbon=0.0105, fixed_val_regret=0.0137 [best]
Recourse DFL epoch 9/45: CVAE=0.308064, IPL=0.0018, OPL=0.000324, lambda_eff=40.1; train_shed=8.59e-06, train_regret=0.013; fixed_val_shed=5.59e-07, fixed_val_carbon=0.0104, fixed_val_regret=0.0147 [best]
Recourse DFL epoch 10/45: CVAE=0.299652, IPL=0.00169, OPL=0.000363, lambda_eff=27.3; train_shed=1.5e-05, train_regret=0.014; fixed_val_shed=5.72e-06, fixed_val_carbon=0.0106, fixed_val_regret=0.0136
Recourse DFL epoch 11/45: CVAE=0.24221, IPL=0.00156, OPL=0.000365, lambda_eff=19.1; train_shed=6.93e-06, train_regret=0.0122; fixed_val_shed=5.43e-06, fixed_val_carbon=0.0106, fixed_val_regret=0.0136
Recourse DFL epoch 12/45: CVAE=0.251533, IPL=0.00146, OPL=0.000371, lambda_eff=20.7; train_shed=1.64e-05, train_regret=0.0161; fixed_val_shed=3.88e-06, fixed_val_carbon=0.0106, fixed_val_regret=0.0137
Recourse DFL epoch 13/45: CVAE=0.237477, IPL=0.00133, OPL=0.000426, lambda_eff=17.5; train_shed=9.59e-06, train_regret=0.0174; fixed_val_shed=5.22e-07, fixed_val_carbon=0.0106, fixed_val_regret=0.0139
Recourse DFL epoch 14/45: CVAE=0.251142, IPL=0.00122, OPL=0.000474, lambda_eff=20.3; train_shed=1.41e-05, train_regret=0.0136; fixed_val_shed=4.52e-07, fixed_val_carbon=0.0106, fixed_val_regret=0.0133
Recourse DFL epoch 15/45: CVAE=0.266405, IPL=0.00106, OPL=0.000529, lambda_eff=23.5; train_shed=8.67e-06, train_regret=0.0149; fixed_val_shed=3.69e-07, fixed_val_carbon=0.0107, fixed_val_regret=0.0135
Recourse DFL epoch 16/45: CVAE=0.202765, IPL=0.000982, OPL=0.000538, lambda_eff=15.9; train_shed=9.89e-06, train_regret=0.0154; fixed_val_shed=5.72e-07, fixed_val_carbon=0.0107, fixed_val_regret=0.0132
Recourse DFL epoch 17/45: CVAE=0.206708, IPL=0.000879, OPL=0.000652, lambda_eff=12.3; train_shed=8.62e-06, train_regret=0.0144; fixed_val_shed=4.4e-07, fixed_val_carbon=0.0103, fixed_val_regret=0.0157 [best]
Recourse DFL epoch 18/45: CVAE=0.251774, IPL=0.000774, OPL=0.000702, lambda_eff=19.4; train_shed=6.49e-06, train_regret=0.0157; fixed_val_shed=3.89e-07, fixed_val_carbon=0.0103, fixed_val_regret=0.0156
Recourse DFL epoch 19/45: CVAE=0.236182, IPL=0.000675, OPL=0.000732, lambda_eff=26.5; train_shed=5.84e-06, train_regret=0.0152; fixed_val_shed=4.55e-07, fixed_val_carbon=0.0104, fixed_val_regret=0.015
Recourse DFL epoch 20/45: CVAE=0.237415, IPL=0.000634, OPL=0.000781, lambda_eff=28.4; train_shed=5.19e-06, train_regret=0.0138; fixed_val_shed=5.19e-07, fixed_val_carbon=0.0105, fixed_val_regret=0.0142
Recourse DFL epoch 21/45: CVAE=0.20982, IPL=0.00064, OPL=0.000741, lambda_eff=17.5; train_shed=7.23e-06, train_regret=0.015; fixed_val_shed=5.03e-07, fixed_val_carbon=0.0105, fixed_val_regret=0.0142
Recourse DFL epoch 22/45: CVAE=0.233599, IPL=0.00061, OPL=0.000724, lambda_eff=9.18; train_shed=5.44e-06, train_regret=0.0186; fixed_val_shed=4.86e-07, fixed_val_carbon=0.0105, fixed_val_regret=0.0142
Recourse DFL epoch 23/45: CVAE=0.207971, IPL=0.000668, OPL=0.000739, lambda_eff=12; train_shed=1.2e-05, train_regret=0.0144; fixed_val_shed=4.72e-07, fixed_val_carbon=0.0105, fixed_val_regret=0.0143
Recourse DFL epoch 24/45: CVAE=0.266342, IPL=0.000572, OPL=0.000689, lambda_eff=17; train_shed=4.97e-06, train_regret=0.013; fixed_val_shed=4.6e-07, fixed_val_carbon=0.0105, fixed_val_regret=0.0144
Recourse DFL epoch 25/45: CVAE=0.244993, IPL=0.000565, OPL=0.000664, lambda_eff=14; train_shed=4.97e-06, train_regret=0.014; fixed_val_shed=4.47e-07, fixed_val_carbon=0.0105, fixed_val_regret=0.0143
Recourse DFL epoch 26/45: CVAE=0.203175, IPL=0.000565, OPL=0.000684, lambda_eff=10.1; train_shed=5.9e-06, train_regret=0.0133; fixed_val_shed=4.37e-07, fixed_val_carbon=0.0105, fixed_val_regret=0.0142
Recourse DFL epoch 27/45: CVAE=0.231915, IPL=0.000554, OPL=0.000611, lambda_eff=10.8; train_shed=5.93e-06, train_regret=0.0151; fixed_val_shed=4.39e-07, fixed_val_carbon=0.0105, fixed_val_regret=0.0138
Recourse DFL epoch 28/45: CVAE=0.195995, IPL=0.000547, OPL=0.000583, lambda_eff=10.8; train_shed=5.74e-06, train_regret=0.0122; fixed_val_shed=4.43e-07, fixed_val_carbon=0.0106, fixed_val_regret=0.0142
Recourse DFL epoch 29/45: CVAE=0.173764, IPL=0.000553, OPL=0.00055, lambda_eff=8.65; train_shed=5.89e-06, train_regret=0.0146; fixed_val_shed=3.96e-07, fixed_val_carbon=0.0105, fixed_val_regret=0.0145
Recourse DFL epoch 30/45: CVAE=0.19689, IPL=0.000551, OPL=0.000543, lambda_eff=12.1; train_shed=5.2e-06, train_regret=0.0138; fixed_val_shed=3.99e-07, fixed_val_carbon=0.0105, fixed_val_regret=0.0144
Recourse DFL epoch 31/45: CVAE=0.224416, IPL=0.000565, OPL=0.0005, lambda_eff=20.9; train_shed=5.27e-06, train_regret=0.0125; fixed_val_shed=4.01e-07, fixed_val_carbon=0.0105, fixed_val_regret=0.0142
Recourse DFL epoch 32/45: CVAE=0.190535, IPL=0.000561, OPL=0.000516, lambda_eff=17.9; train_shed=5.39e-06, train_regret=0.0122; fixed_val_shed=4e-07, fixed_val_carbon=0.0105, fixed_val_regret=0.0147
Recourse DFL epoch 33/45: CVAE=0.228272, IPL=0.00057, OPL=0.000452, lambda_eff=16.3; train_shed=5.55e-06, train_regret=0.0112; fixed_val_shed=4.11e-07, fixed_val_carbon=0.0105, fixed_val_regret=0.0143
Recourse DFL epoch 34/45: CVAE=0.188675, IPL=0.000575, OPL=0.000456, lambda_eff=10.2; train_shed=6.26e-06, train_regret=0.0137; fixed_val_shed=4.16e-07, fixed_val_carbon=0.0105, fixed_val_regret=0.0144
Recourse DFL epoch 35/45: CVAE=0.179156, IPL=0.0006, OPL=0.000421, lambda_eff=9.25; train_shed=9.07e-06, train_regret=0.0137; fixed_val_shed=4.21e-07, fixed_val_carbon=0.0104, fixed_val_regret=0.0144
Recourse DFL epoch 36/45: CVAE=0.192476, IPL=0.000577, OPL=0.000395, lambda_eff=11.7; train_shed=5.88e-06, train_regret=0.0136; fixed_val_shed=4.21e-07, fixed_val_carbon=0.0105, fixed_val_regret=0.015
Recourse DFL epoch 37/45: CVAE=0.198441, IPL=0.000573, OPL=0.000401, lambda_eff=11.3; train_shed=5.9e-06, train_regret=0.0118; fixed_val_shed=4.16e-07, fixed_val_carbon=0.0104, fixed_val_regret=0.0146
Recourse DFL epoch 38/45: CVAE=0.198158, IPL=0.000557, OPL=0.000375, lambda_eff=13.5; train_shed=5.81e-06, train_regret=0.0163; fixed_val_shed=4.05e-07, fixed_val_carbon=0.0104, fixed_val_regret=0.0146
Recourse DFL epoch 39/45: CVAE=0.206903, IPL=0.000525, OPL=0.000386, lambda_eff=11.9; train_shed=5.38e-06, train_regret=0.0153; fixed_val_shed=3.95e-07, fixed_val_carbon=0.0104, fixed_val_regret=0.0146
Recourse DFL epoch 40/45: CVAE=0.193062, IPL=0.000502, OPL=0.000404, lambda_eff=12.9; train_shed=5.45e-06, train_regret=0.0118; fixed_val_shed=3.94e-07, fixed_val_carbon=0.0105, fixed_val_regret=0.0144
Recourse DFL epoch 41/45: CVAE=0.165995, IPL=0.000488, OPL=0.000404, lambda_eff=10.1; train_shed=7.65e-06, train_regret=0.0123; fixed_val_shed=4.27e-07, fixed_val_carbon=0.0106, fixed_val_regret=0.0139
Recourse DFL epoch 42/45: CVAE=0.188484, IPL=0.000447, OPL=0.000459, lambda_eff=16.8; train_shed=5.12e-06, train_regret=0.0157; fixed_val_shed=4.33e-07, fixed_val_carbon=0.0105, fixed_val_regret=0.0142
Recourse DFL epoch 43/45: CVAE=0.166344, IPL=0.000454, OPL=0.000472, lambda_eff=8.46; train_shed=5.11e-06, train_regret=0.0154; fixed_val_shed=4.46e-07, fixed_val_carbon=0.0105, fixed_val_regret=0.0139
Recourse DFL epoch 44/45: CVAE=0.173819, IPL=0.000447, OPL=0.000423, lambda_eff=9.56; train_shed=9.87e-06, train_regret=0.0128; fixed_val_shed=4.65e-07, fixed_val_carbon=0.0105, fixed_val_regret=0.0142
Recourse DFL epoch 45/45: CVAE=0.185362, IPL=0.000414, OPL=0.000442, lambda_eff=13.1; train_shed=5.69e-06, train_regret=0.014; fixed_val_shed=4.75e-07, fixed_val_carbon=0.0105, fixed_val_regret=0.0138
generator: cvae
method: recourse_feasibility
device: cuda
epochs: 45
scenario weights: [0.19858040459298443, 0.0023659923450259565, 0.0023659923450259565, 0.19858040459298443, 0.19858040459298443, 0.19858040459298443, 0.0023659923450259565, 0.19858040459298443]
final design: installed=['PCC'], P=2.4742 MW, E=13.2917 MWh
checkpoint: E:\Vscode\ESS_planning\dfl-storage-planning-local\outputs\baselines\learning_objective\hourly_layered_t1\dfl_full\seed_20260808\runs\20260812-103232\checkpoint.pt
run id: 20260812-103232

EVALUATION COMMAND
D:\APPs\Anaconda\envs\storage-dfl\python.exe E:\Vscode\ESS_planning\dfl-storage-planning-local\scripts\evaluate.py --config E:\Vscode\ESS_planning\dfl-storage-planning-local\outputs\baselines\learning_objective\hourly_layered_t1\suites\20260812-103204\configs\dfl_full_seed_20260808.yaml --checkpoint E:\Vscode\ESS_planning\dfl-storage-planning-local\outputs\baselines\learning_objective\hourly_layered_t1\dfl_full\seed_20260808\runs\20260812-103232\checkpoint.pt

Starting evaluation with E:\Vscode\ESS_planning\dfl-storage-planning-local\outputs\baselines\learning_objective\hourly_layered_t1\suites\20260812-103204\configs\dfl_full_seed_20260808.yaml...
Out-of-sample evaluation: solving 16 scenarios separately...
No-storage reference: solving 16 scenarios separately...
Perfect-information reference: solving the true scenario MILP...
generator: cvae
method: recourse_feasibility
evaluated checkpoint: E:\Vscode\ESS_planning\dfl-storage-planning-local\outputs\baselines\learning_objective\hourly_layered_t1\dfl_full\seed_20260808\runs\20260812-103232\checkpoint.pt
training run id: 20260812-103232
trained carbon formulation: layered_pcc
evaluation carbon formulation: layered_pcc
evaluated design source: selected_training_design
installed buses: ['PCC']
power MW: {'PCC': 2.4742277707788944}
energy MWh: {'PCC': 13.291738601627632}
planning objective: 5732260.42
validation objective: 5754533.56
no-storage reference: 6016801.86
storage value: 262268.29
normalized decision regret: 0.015233
load shedding MWh: 0.000000
carbon excess tCO2: 644.285037
PV curtailment MWh: 0.000000
served demand MWh: 74478.012784
recourse operating cost: 5237921.15
recourse total planning cost: 5754533.56
WARNING: the planning solve stopped at 'timelimit'; its objective is an unproven incumbent, not a converged optimum.
