CVAE CONTINUATION COMMAND
D:\APPs\Anaconda\envs\storage-dfl\python.exe E:\Vscode\ESS_planning\dfl-storage-planning-local\scripts\train_generator.py --config E:\Vscode\ESS_planning\dfl-storage-planning-local\outputs\baselines\learning_objective\hourly_layered_t1\suites\20260811-220139\configs\cvae_only_seed_20260808.yaml --resume-checkpoint E:\Vscode\ESS_planning\dfl-storage-planning-local\outputs\baselines\learning_objective\hourly_layered_t1\cvae_only\seed_20260808\cvae.pt --additional-epochs 200

Starting generator training with E:\Vscode\ESS_planning\dfl-storage-planning-local\outputs\baselines\learning_objective\hourly_layered_t1\suites\20260811-220139\configs\cvae_only_seed_20260808.yaml...
Resuming cvae from epoch 100 for 200 additional epochs.
CVAE epoch 110/300: loss=0.127321, reconstruction=0.077265, net_peak=0.001488, price_spread=1.636956, carbon_spread=0.029104, beta=0.01, val_loss=0.559176, val_carbon_spread=0.821674
CVAE epoch 120/300: loss=0.133006, reconstruction=0.076438, net_peak=0.001793, price_spread=1.643301, carbon_spread=0.043752, beta=0.01, val_loss=0.589745, val_carbon_spread=0.876113
CVAE epoch 130/300: loss=0.124221, reconstruction=0.071865, net_peak=0.001704, price_spread=1.643581, carbon_spread=0.035700, beta=0.01, val_loss=0.532459, val_carbon_spread=0.775650
CVAE epoch 140/300: loss=0.108875, reconstruction=0.064694, net_peak=0.001186, price_spread=1.617356, carbon_spread=0.020834, beta=0.01, val_loss=0.528130, val_carbon_spread=0.774562
CVAE epoch 150/300: loss=0.101050, reconstruction=0.061605, net_peak=0.001224, price_spread=1.614036, carbon_spread=0.012700, beta=0.01, val_loss=0.529254, val_carbon_spread=0.779220
CVAE epoch 160/300: loss=0.102872, reconstruction=0.058665, net_peak=0.001357, price_spread=1.613296, carbon_spread=0.023252, beta=0.01, val_loss=0.522360, val_carbon_spread=0.771993
CVAE epoch 170/300: loss=0.107500, reconstruction=0.058911, net_peak=0.001653, price_spread=1.616884, carbon_spread=0.032878, beta=0.01, val_loss=0.520769, val_carbon_spread=0.770070
CVAE epoch 180/300: loss=0.098154, reconstruction=0.055517, net_peak=0.001694, price_spread=1.616891, carbon_spread=0.022015, beta=0.01, val_loss=0.542374, val_carbon_spread=0.814150
CVAE epoch 190/300: loss=0.100287, reconstruction=0.055261, net_peak=0.000997, price_spread=1.625583, carbon_spread=0.028242, beta=0.01, val_loss=0.499954, val_carbon_spread=0.730829
CVAE epoch 200/300: loss=0.093276, reconstruction=0.053617, net_peak=0.000947, price_spread=1.622346, carbon_spread=0.017682, beta=0.01, val_loss=0.498318, val_carbon_spread=0.728345
CVAE epoch 210/300: loss=0.097867, reconstruction=0.051100, net_peak=0.000754, price_spread=1.593159, carbon_spread=0.034061, beta=0.01, val_loss=0.510594, val_carbon_spread=0.751300
CVAE epoch 220/300: loss=0.087128, reconstruction=0.048206, net_peak=0.000864, price_spread=1.602609, carbon_spread=0.017686, beta=0.01, val_loss=0.505263, val_carbon_spread=0.749341
CVAE epoch 230/300: loss=0.082161, reconstruction=0.045255, net_peak=0.001169, price_spread=1.588875, carbon_spread=0.015100, beta=0.01, val_loss=0.474010, val_carbon_spread=0.691212
CVAE epoch 240/300: loss=0.081845, reconstruction=0.043418, net_peak=0.000702, price_spread=1.579863, carbon_spread=0.019083, beta=0.01, val_loss=0.481789, val_carbon_spread=0.701916
CVAE epoch 250/300: loss=0.080198, reconstruction=0.041541, net_peak=0.001078, price_spread=1.579468, carbon_spread=0.020823, beta=0.01, val_loss=0.468017, val_carbon_spread=0.679918
CVAE epoch 260/300: loss=0.089458, reconstruction=0.044087, net_peak=0.001209, price_spread=1.561314, carbon_spread=0.033184, beta=0.01, val_loss=0.487914, val_carbon_spread=0.708776
CVAE epoch 270/300: loss=0.097624, reconstruction=0.047131, net_peak=0.001409, price_spread=1.575471, carbon_spread=0.045512, beta=0.01, val_loss=0.520293, val_carbon_spread=0.768379
CVAE epoch 280/300: loss=0.080667, reconstruction=0.040117, net_peak=0.001139, price_spread=1.555264, carbon_spread=0.024885, beta=0.01, val_loss=0.478486, val_carbon_spread=0.694072
CVAE epoch 290/300: loss=0.069708, reconstruction=0.036969, net_peak=0.001051, price_spread=1.564283, carbon_spread=0.009412, beta=0.01, val_loss=0.475967, val_carbon_spread=0.690091
CVAE epoch 300/300: loss=0.072949, reconstruction=0.035866, net_peak=0.000702, price_spread=1.552225, carbon_spread=0.018434, beta=0.01, val_loss=0.467271, val_carbon_spread=0.674482
generator: cvae
device: cuda
epochs: 200
latent dim: 16
loss: 0.124505 -> 0.072949
checkpoint: E:\Vscode\ESS_planning\dfl-storage-planning-local\outputs\baselines\learning_objective\hourly_layered_t1\cvae_only\seed_20260808\cvae.pt
TRAIN COMMAND
D:\APPs\Anaconda\envs\storage-dfl\python.exe E:\Vscode\ESS_planning\dfl-storage-planning-local\scripts\train_dfl.py --config E:\Vscode\ESS_planning\dfl-storage-planning-local\outputs\baselines\learning_objective\hourly_layered_t1\suites\20260811-220139\configs\cvae_only_seed_20260808.yaml

Starting DFL training with E:\Vscode\ESS_planning\dfl-storage-planning-local\outputs\baselines\learning_objective\hourly_layered_t1\suites\20260811-220139\configs\cvae_only_seed_20260808.yaml...
DFL initialization: pretrained generator checkpoint
training solves at relative gap 0.01; evaluation stays at 0.001
generator: cvae
method: recourse_feasibility
device: cuda
epochs: 0
scenario weights: [0.19858040459298443, 0.0023659923450259565, 0.0023659923450259565, 0.19858040459298443, 0.19858040459298443, 0.19858040459298443, 0.0023659923450259565, 0.19858040459298443]
final design: installed=['PCC'], P=1.7874 MW, E=8.4901 MWh
checkpoint: E:\Vscode\ESS_planning\dfl-storage-planning-local\outputs\baselines\learning_objective\hourly_layered_t1\cvae_only\seed_20260808\runs\20260811-220332\checkpoint.pt
run id: 20260811-220332

EVALUATION COMMAND
D:\APPs\Anaconda\envs\storage-dfl\python.exe E:\Vscode\ESS_planning\dfl-storage-planning-local\scripts\evaluate.py --config E:\Vscode\ESS_planning\dfl-storage-planning-local\outputs\baselines\learning_objective\hourly_layered_t1\suites\20260811-220139\configs\cvae_only_seed_20260808.yaml --checkpoint E:\Vscode\ESS_planning\dfl-storage-planning-local\outputs\baselines\learning_objective\hourly_layered_t1\cvae_only\seed_20260808\runs\20260811-220332\checkpoint.pt

Starting evaluation with E:\Vscode\ESS_planning\dfl-storage-planning-local\outputs\baselines\learning_objective\hourly_layered_t1\suites\20260811-220139\configs\cvae_only_seed_20260808.yaml...
WARNING: replanning the saved support changed the selected training design: buses ['PCC'] -> ['PCC'], maximum capacity change 0.4913. This indicates solver/tie instability, not a new DFL update.
Out-of-sample evaluation: solving 16 scenarios separately...
No-storage reference: solving 16 scenarios separately...
Perfect-information reference: solving the true scenario MILP...
generator: cvae
method: recourse_feasibility
evaluated checkpoint: E:\Vscode\ESS_planning\dfl-storage-planning-local\outputs\baselines\learning_objective\hourly_layered_t1\cvae_only\seed_20260808\runs\20260811-220332\checkpoint.pt
training run id: 20260811-220332
trained carbon formulation: layered_pcc
evaluation carbon formulation: layered_pcc
evaluated design source: selected_training_design
installed buses: ['PCC']
power MW: {'PCC': 1.7873868296311055}
energy MWh: {'PCC': 8.490087440747752}
planning objective: 5311719.41
validation objective: 5803638.44
no-storage reference: 6016801.86
storage value: 213163.42
normalized decision regret: 0.023897
load shedding MWh: 1.350723
carbon excess tCO2: 719.061480
PV curtailment MWh: 0.000000
served demand MWh: 74476.662061
recourse operating cost: 5316632.06
recourse total planning cost: 5803638.44
