TRAIN COMMAND
D:\APPs\Anaconda\envs\storage-dfl\python.exe E:\Vscode\ESS_planning\dfl-storage-planning-local\scripts\train_dfl.py --config E:\Vscode\ESS_planning\dfl-storage-planning-local\outputs\baselines\learning_objective\hourly_layered_t1\suites\20260811-220139\configs\dfl_full_seed_20260808.yaml

Starting DFL training with E:\Vscode\ESS_planning\dfl-storage-planning-local\outputs\baselines\learning_objective\hourly_layered_t1\suites\20260811-220139\configs\dfl_full_seed_20260808.yaml...
DFL initialization: pretrained generator checkpoint
training solves at relative gap 0.01; evaluation stays at 0.001
Fixed validation baseline (pretrained epoch -1): shed=6.45e-05, carbon=0.0119 t/MWh, regret=0.0168
Recourse DFL epoch 1/45: CVAE=0.121057, IPL=0.00309, OPL=0.000285, lambda_eff=14.2; train_shed=3.78e-05, train_regret=0.015; fixed_val_shed=4.72e-05, fixed_val_carbon=0.0117, fixed_val_regret=0.015 [best]
Recourse DFL epoch 2/45: CVAE=0.437302, IPL=0.00293, OPL=0.000286, lambda_eff=129; train_shed=3.34e-05, train_regret=0.017; fixed_val_shed=2.59e-05, fixed_val_carbon=0.0113, fixed_val_regret=0.0143 [best]
Recourse DFL epoch 3/45: CVAE=0.174111, IPL=0.00274, OPL=0.000297, lambda_eff=22.6; train_shed=3.24e-05, train_regret=0.0173; fixed_val_shed=2.45e-05, fixed_val_carbon=0.0112, fixed_val_regret=0.0143 [best]
Recourse DFL epoch 4/45: CVAE=0.22018, IPL=0.00261, OPL=0.000321, lambda_eff=45; train_shed=2.98e-05, train_regret=0.0139; fixed_val_shed=1.95e-05, fixed_val_carbon=0.011, fixed_val_regret=0.0171 [best]
Recourse DFL epoch 5/45: CVAE=0.249666, IPL=0.00233, OPL=0.000332, lambda_eff=36.2; train_shed=2.21e-05, train_regret=0.0154; fixed_val_shed=1.64e-05, fixed_val_carbon=0.0109, fixed_val_regret=0.0144 [best]
Recourse DFL epoch 6/45: CVAE=0.193507, IPL=0.00217, OPL=0.000359, lambda_eff=28.4; train_shed=2.02e-05, train_regret=0.015; fixed_val_shed=9.57e-06, fixed_val_carbon=0.0108, fixed_val_regret=0.0135 [best]
Recourse DFL epoch 7/45: CVAE=0.235897, IPL=0.002, OPL=0.000375, lambda_eff=32.1; train_shed=1.49e-05, train_regret=0.0157; fixed_val_shed=8.6e-06, fixed_val_carbon=0.0107, fixed_val_regret=0.0136 [best]
Recourse DFL epoch 8/45: CVAE=0.222704, IPL=0.00188, OPL=0.000369, lambda_eff=27.7; train_shed=1.39e-05, train_regret=0.0177; fixed_val_shed=9.16e-06, fixed_val_carbon=0.0107, fixed_val_regret=0.0136
Recourse DFL epoch 9/45: CVAE=0.182644, IPL=0.00172, OPL=0.000429, lambda_eff=27.1; train_shed=9.9e-06, train_regret=0.0117; fixed_val_shed=6.46e-06, fixed_val_carbon=0.0106, fixed_val_regret=0.0135 [best]
Recourse DFL epoch 10/45: CVAE=0.172479, IPL=0.00156, OPL=0.000438, lambda_eff=17.5; train_shed=1.29e-05, train_regret=0.0135; fixed_val_shed=4.74e-06, fixed_val_carbon=0.0106, fixed_val_regret=0.0136 [best]
Recourse DFL epoch 11/45: CVAE=0.205778, IPL=0.00143, OPL=0.000553, lambda_eff=21.7; train_shed=1.11e-05, train_regret=0.0125; fixed_val_shed=2.45e-06, fixed_val_carbon=0.0106, fixed_val_regret=0.0138 [best]
Recourse DFL epoch 12/45: CVAE=0.193534, IPL=0.00133, OPL=0.00056, lambda_eff=16.3; train_shed=1.21e-05, train_regret=0.011; fixed_val_shed=2.23e-06, fixed_val_carbon=0.0106, fixed_val_regret=0.0137
Recourse DFL epoch 13/45: CVAE=0.198686, IPL=0.00117, OPL=0.000551, lambda_eff=16.8; train_shed=8.57e-06, train_regret=0.0131; fixed_val_shed=4.11e-07, fixed_val_carbon=0.0106, fixed_val_regret=0.0136
Recourse DFL epoch 14/45: CVAE=0.170367, IPL=0.00111, OPL=0.000657, lambda_eff=16.1; train_shed=1.06e-05, train_regret=0.0108; fixed_val_shed=5.23e-07, fixed_val_carbon=0.0107, fixed_val_regret=0.0131
Recourse DFL epoch 15/45: CVAE=0.188957, IPL=0.000988, OPL=0.000666, lambda_eff=16.8; train_shed=7.4e-06, train_regret=0.0122; fixed_val_shed=5.38e-07, fixed_val_carbon=0.0107, fixed_val_regret=0.0132
Recourse DFL epoch 16/45: CVAE=0.168587, IPL=0.000902, OPL=0.000678, lambda_eff=12.4; train_shed=4.52e-06, train_regret=0.0143; fixed_val_shed=4.28e-07, fixed_val_carbon=0.0107, fixed_val_regret=0.0133
Recourse DFL epoch 17/45: CVAE=0.168311, IPL=0.000795, OPL=0.000718, lambda_eff=14; train_shed=4.66e-06, train_regret=0.0152; fixed_val_shed=3.78e-07, fixed_val_carbon=0.0107, fixed_val_regret=0.0134
Recourse DFL epoch 18/45: CVAE=0.197663, IPL=0.000708, OPL=0.000759, lambda_eff=20; train_shed=4.78e-06, train_regret=0.0149; fixed_val_shed=3.84e-07, fixed_val_carbon=0.0103, fixed_val_regret=0.0152 [best]
Recourse DFL epoch 19/45: CVAE=0.172176, IPL=0.000669, OPL=0.000773, lambda_eff=14.5; train_shed=5.29e-06, train_regret=0.0118; fixed_val_shed=3.87e-07, fixed_val_carbon=0.0103, fixed_val_regret=0.0154 [best]
Recourse DFL epoch 20/45: CVAE=0.172476, IPL=0.000593, OPL=0.000806, lambda_eff=18.5; train_shed=4.99e-06, train_regret=0.015; fixed_val_shed=3.89e-07, fixed_val_carbon=0.0103, fixed_val_regret=0.0157 [best]
Recourse DFL epoch 21/45: CVAE=0.172572, IPL=0.000572, OPL=0.000799, lambda_eff=13.4; train_shed=5.02e-06, train_regret=0.0166; fixed_val_shed=3.71e-07, fixed_val_carbon=0.0103, fixed_val_regret=0.0157
Recourse DFL epoch 22/45: CVAE=0.174182, IPL=0.000548, OPL=0.000823, lambda_eff=9.41; train_shed=5.02e-06, train_regret=0.0157; fixed_val_shed=3.75e-07, fixed_val_carbon=0.0103, fixed_val_regret=0.0154
Recourse DFL epoch 23/45: CVAE=0.160906, IPL=0.000532, OPL=0.000818, lambda_eff=10.2; train_shed=4.99e-06, train_regret=0.0156; fixed_val_shed=3.78e-07, fixed_val_carbon=0.0103, fixed_val_regret=0.0153
Recourse DFL epoch 24/45: CVAE=0.17227, IPL=0.000523, OPL=0.000786, lambda_eff=7.44; train_shed=4.96e-06, train_regret=0.0174; fixed_val_shed=3.8e-07, fixed_val_carbon=0.0103, fixed_val_regret=0.0152
Recourse DFL epoch 25/45: CVAE=0.176968, IPL=0.000516, OPL=0.000756, lambda_eff=13.9; train_shed=4.83e-06, train_regret=0.0127; fixed_val_shed=3.83e-07, fixed_val_carbon=0.0103, fixed_val_regret=0.0148
Recourse DFL epoch 26/45: CVAE=0.153301, IPL=0.000488, OPL=0.000694, lambda_eff=8.51; train_shed=4.89e-06, train_regret=0.0145; fixed_val_shed=3.81e-07, fixed_val_carbon=0.0103, fixed_val_regret=0.0148
Recourse DFL epoch 27/45: CVAE=0.161783, IPL=0.00049, OPL=0.000699, lambda_eff=11.8; train_shed=4.84e-06, train_regret=0.0142; fixed_val_shed=3.87e-07, fixed_val_carbon=0.0103, fixed_val_regret=0.0151
Recourse DFL epoch 28/45: CVAE=0.160695, IPL=0.00049, OPL=0.000585, lambda_eff=12; train_shed=4.99e-06, train_regret=0.0145; fixed_val_shed=3.87e-07, fixed_val_carbon=0.0103, fixed_val_regret=0.0148
Recourse DFL epoch 29/45: CVAE=0.149801, IPL=0.000496, OPL=0.000527, lambda_eff=16.7; train_shed=4.85e-06, train_regret=0.0159; fixed_val_shed=3.86e-07, fixed_val_carbon=0.0103, fixed_val_regret=0.0148
Recourse DFL epoch 30/45: CVAE=0.170625, IPL=0.000515, OPL=0.000465, lambda_eff=15.9; train_shed=4.97e-06, train_regret=0.0134; fixed_val_shed=3.87e-07, fixed_val_carbon=0.0103, fixed_val_regret=0.0147
Recourse DFL epoch 31/45: CVAE=0.174443, IPL=0.000515, OPL=0.000479, lambda_eff=13.8; train_shed=4.99e-06, train_regret=0.014; fixed_val_shed=3.87e-07, fixed_val_carbon=0.0104, fixed_val_regret=0.0151
Recourse DFL epoch 32/45: CVAE=0.146793, IPL=0.000543, OPL=0.000433, lambda_eff=10.9; train_shed=6.72e-06, train_regret=0.014; fixed_val_shed=3.86e-07, fixed_val_carbon=0.0104, fixed_val_regret=0.015
Recourse DFL epoch 33/45: CVAE=0.177232, IPL=0.000519, OPL=0.000441, lambda_eff=15.2; train_shed=4.95e-06, train_regret=0.0133; fixed_val_shed=3.85e-07, fixed_val_carbon=0.0104, fixed_val_regret=0.0149
Recourse DFL epoch 34/45: CVAE=0.150215, IPL=0.000522, OPL=0.000445, lambda_eff=13.4; train_shed=5.76e-06, train_regret=0.0113; fixed_val_shed=3.83e-07, fixed_val_carbon=0.0104, fixed_val_regret=0.0148
Recourse DFL epoch 35/45: CVAE=0.136741, IPL=0.000528, OPL=0.000483, lambda_eff=10.1; train_shed=8.07e-06, train_regret=0.0156; fixed_val_shed=3.79e-07, fixed_val_carbon=0.0105, fixed_val_regret=0.0145
Recourse DFL epoch 36/45: CVAE=0.149223, IPL=0.000468, OPL=0.000428, lambda_eff=13.9; train_shed=4.81e-06, train_regret=0.0138; fixed_val_shed=3.76e-07, fixed_val_carbon=0.0105, fixed_val_regret=0.0147
Recourse DFL epoch 37/45: CVAE=0.15122, IPL=0.000464, OPL=0.000456, lambda_eff=15.3; train_shed=5.46e-06, train_regret=0.0129; fixed_val_shed=3.77e-07, fixed_val_carbon=0.0106, fixed_val_regret=0.0143
Recourse DFL epoch 38/45: CVAE=0.168052, IPL=0.000463, OPL=0.000434, lambda_eff=23.4; train_shed=6.33e-06, train_regret=0.0114; fixed_val_shed=4.86e-07, fixed_val_carbon=0.0106, fixed_val_regret=0.014
Recourse DFL epoch 39/45: CVAE=0.153434, IPL=0.000433, OPL=0.000432, lambda_eff=11.5; train_shed=4.69e-06, train_regret=0.0136; fixed_val_shed=3.95e-07, fixed_val_carbon=0.0106, fixed_val_regret=0.014
Recourse DFL epoch 40/45: CVAE=0.163742, IPL=0.000431, OPL=0.000451, lambda_eff=22.2; train_shed=5.28e-06, train_regret=0.0115; fixed_val_shed=3.56e-07, fixed_val_carbon=0.0106, fixed_val_regret=0.0138
Recourse DFL epoch 41/45: CVAE=0.12666, IPL=0.000424, OPL=0.000438, lambda_eff=9.73; train_shed=6.11e-06, train_regret=0.0113; fixed_val_shed=3.53e-07, fixed_val_carbon=0.0106, fixed_val_regret=0.0136
Recourse DFL epoch 42/45: CVAE=0.147883, IPL=0.000418, OPL=0.000434, lambda_eff=9.88; train_shed=6.37e-06, train_regret=0.0123; fixed_val_shed=3.52e-07, fixed_val_carbon=0.0106, fixed_val_regret=0.0137
Recourse DFL epoch 43/45: CVAE=0.144916, IPL=0.000422, OPL=0.000411, lambda_eff=16.4; train_shed=6.25e-06, train_regret=0.0125; fixed_val_shed=3.49e-07, fixed_val_carbon=0.0106, fixed_val_regret=0.0137
Recourse DFL epoch 44/45: CVAE=0.153278, IPL=0.00042, OPL=0.000396, lambda_eff=15.7; train_shed=6.29e-06, train_regret=0.0137; fixed_val_shed=3.48e-07, fixed_val_carbon=0.0106, fixed_val_regret=0.0137
Recourse DFL epoch 45/45: CVAE=0.148253, IPL=0.000405, OPL=0.000405, lambda_eff=14.5; train_shed=6.09e-06, train_regret=0.0127; fixed_val_shed=3.46e-07, fixed_val_carbon=0.0106, fixed_val_regret=0.0137
generator: cvae
method: recourse_feasibility
device: cuda
epochs: 45
scenario weights: [0.19858040459298443, 0.0023659923450259565, 0.0023659923450259565, 0.19858040459298443, 0.19858040459298443, 0.19858040459298443, 0.0023659923450259565, 0.19858040459298443]
final design: installed=['PCC'], P=2.5259 MW, E=13.2087 MWh
checkpoint: E:\Vscode\ESS_planning\dfl-storage-planning-local\outputs\baselines\learning_objective\hourly_layered_t1\dfl_full\seed_20260808\runs\20260811-220210\checkpoint.pt
run id: 20260811-220210

EVALUATION COMMAND
D:\APPs\Anaconda\envs\storage-dfl\python.exe E:\Vscode\ESS_planning\dfl-storage-planning-local\scripts\evaluate.py --config E:\Vscode\ESS_planning\dfl-storage-planning-local\outputs\baselines\learning_objective\hourly_layered_t1\suites\20260811-220139\configs\dfl_full_seed_20260808.yaml --checkpoint E:\Vscode\ESS_planning\dfl-storage-planning-local\outputs\baselines\learning_objective\hourly_layered_t1\dfl_full\seed_20260808\runs\20260811-220210\checkpoint.pt

Starting evaluation with E:\Vscode\ESS_planning\dfl-storage-planning-local\outputs\baselines\learning_objective\hourly_layered_t1\suites\20260811-220139\configs\dfl_full_seed_20260808.yaml...
Out-of-sample evaluation: solving 16 scenarios separately...
No-storage reference: solving 16 scenarios separately...
Perfect-information reference: solving the true scenario MILP...
generator: cvae
method: recourse_feasibility
evaluated checkpoint: E:\Vscode\ESS_planning\dfl-storage-planning-local\outputs\baselines\learning_objective\hourly_layered_t1\dfl_full\seed_20260808\runs\20260811-220210\checkpoint.pt
training run id: 20260811-220210
trained carbon formulation: layered_pcc
evaluation carbon formulation: layered_pcc
evaluated design source: selected_training_design
installed buses: ['PCC']
power MW: {'PCC': 2.5259381979703903}
energy MWh: {'PCC': 13.208677318780301}
planning objective: 5803242.08
validation objective: 5754540.52
no-storage reference: 6016801.86
storage value: 262261.34
normalized decision regret: 0.015270
load shedding MWh: 0.000000
carbon excess tCO2: 644.902086
PV curtailment MWh: 0.000000
served demand MWh: 74478.012784
recourse operating cost: 5237977.22
recourse total planning cost: 5754540.52
WARNING: the planning solve stopped at 'timelimit'; its objective is an unproven incumbent, not a converged optimum.
