PRETRAIN COMMAND
D:\APPs\Anaconda\envs\storage-dfl\python.exe E:\Vscode\ESS_planning\dfl-storage-planning-local\scripts\train_generator.py --config E:\Vscode\ESS_planning\dfl-storage-planning-local\outputs\baselines\learning_objective\hourly_layered_t1\suites\20260811-220139\configs\pretrain_seed_20260808.yaml

Starting generator training with E:\Vscode\ESS_planning\dfl-storage-planning-local\outputs\baselines\learning_objective\hourly_layered_t1\suites\20260811-220139\configs\pretrain_seed_20260808.yaml...
CVAE epoch 1/100: loss=2.236776, reconstruction=0.722480, net_peak=0.024096, price_spread=1.982790, carbon_spread=2.891312, beta=0.00025, val_loss=1.500970, val_carbon_spread=1.502361
CVAE epoch 10/100: loss=0.850405, reconstruction=0.401114, net_peak=0.006501, price_spread=1.915792, carbon_spread=0.772104, beta=0.0025, val_loss=1.062470, val_carbon_spread=1.049311
CVAE epoch 20/100: loss=0.445408, reconstruction=0.242804, net_peak=0.006062, price_spread=1.729607, carbon_spread=0.305896, beta=0.005, val_loss=0.830660, val_carbon_spread=1.030724
CVAE epoch 30/100: loss=0.315645, reconstruction=0.171875, net_peak=0.004317, price_spread=1.690642, carbon_spread=0.195235, beta=0.0075, val_loss=0.781059, val_carbon_spread=1.062354
CVAE epoch 40/100: loss=0.216442, reconstruction=0.134801, net_peak=0.003079, price_spread=1.662156, carbon_spread=0.069312, beta=0.01, val_loss=0.666555, val_carbon_spread=0.928363
CVAE epoch 50/100: loss=0.212318, reconstruction=0.125256, net_peak=0.002612, price_spread=1.700559, carbon_spread=0.094311, beta=0.01, val_loss=0.630879, val_carbon_spread=0.894987
CVAE epoch 60/100: loss=0.188292, reconstruction=0.116223, net_peak=0.002619, price_spread=1.672435, carbon_spread=0.066614, beta=0.01, val_loss=0.620889, val_carbon_spread=0.893562
CVAE epoch 70/100: loss=0.165276, reconstruction=0.102751, net_peak=0.002007, price_spread=1.660412, carbon_spread=0.048452, beta=0.01, val_loss=0.616432, val_carbon_spread=0.899017
CVAE epoch 80/100: loss=0.158871, reconstruction=0.093612, net_peak=0.001801, price_spread=1.658792, carbon_spread=0.055693, beta=0.01, val_loss=0.623901, val_carbon_spread=0.927586
CVAE epoch 90/100: loss=0.146325, reconstruction=0.088391, net_peak=0.001763, price_spread=1.669912, carbon_spread=0.043071, beta=0.01, val_loss=0.573892, val_carbon_spread=0.834300
CVAE epoch 100/100: loss=0.128367, reconstruction=0.080163, net_peak=0.002392, price_spread=1.631980, carbon_spread=0.023105, beta=0.01, val_loss=0.554480, val_carbon_spread=0.808111
generator: cvae
device: cuda
epochs: 100
latent dim: 16
loss: 2.236776 -> 0.128367
checkpoint: E:\Vscode\ESS_planning\dfl-storage-planning-local\outputs\baselines\learning_objective\hourly_layered_t1\suites\20260811-220139\pretrained\seed_20260808\cvae.pt
