TRAIN COMMAND
D:\APPs\Anaconda\envs\storage-dfl\python.exe E:\Vscode\ESS_planning\dfl-storage-planning-local\scripts\train_dfl.py --config E:\Vscode\ESS_planning\dfl-storage-planning-local\outputs\baselines\learning_objective\hourly_layered_t1\suites\20260811-185935\configs\cvae_only_seed_20260808.yaml

Starting DFL training with E:\Vscode\ESS_planning\dfl-storage-planning-local\outputs\baselines\learning_objective\hourly_layered_t1\suites\20260811-185935\configs\cvae_only_seed_20260808.yaml...
Fitted training-split normalization: E:\Vscode\ESS_planning\dfl-storage-planning-local\outputs\baselines\learning_objective\hourly_layered_t1\cvae_only\seed_20260808\normalization.json
DFL initialization: random generator weights; joint CVAE-DFL training
training solves at relative gap 0.01; evaluation stays at 0.001
Fixed validation baseline (random-initialized epoch -1): shed=7.93e-05, carbon=0.0125 t/MWh, regret=0.0205
Recourse DFL epoch 1/45: CVAE=2.8916, IPL=0, OPL=0, lambda_eff=0; train_shed=0, train_regret=nan; fixed_val_shed=nan, fixed_val_carbon=nan, fixed_val_regret=nan
Recourse DFL epoch 2/45: CVAE=2.56427, IPL=0, OPL=0, lambda_eff=0; train_shed=0, train_regret=nan; fixed_val_shed=nan, fixed_val_carbon=nan, fixed_val_regret=nan
Recourse DFL epoch 3/45: CVAE=1.88258, IPL=0, OPL=0, lambda_eff=0; train_shed=0, train_regret=nan; fixed_val_shed=nan, fixed_val_carbon=nan, fixed_val_regret=nan
Recourse DFL epoch 4/45: CVAE=1.8592, IPL=0, OPL=0, lambda_eff=0; train_shed=0, train_regret=nan; fixed_val_shed=nan, fixed_val_carbon=nan, fixed_val_regret=nan
Recourse DFL epoch 5/45: CVAE=1.67861, IPL=0, OPL=0, lambda_eff=0; train_shed=0, train_regret=nan; fixed_val_shed=nan, fixed_val_carbon=nan, fixed_val_regret=nan
Recourse DFL epoch 6/45: CVAE=1.58754, IPL=0, OPL=0, lambda_eff=0; train_shed=0, train_regret=nan; fixed_val_shed=nan, fixed_val_carbon=nan, fixed_val_regret=nan
Recourse DFL epoch 7/45: CVAE=1.34811, IPL=0, OPL=0, lambda_eff=0; train_shed=0, train_regret=nan; fixed_val_shed=nan, fixed_val_carbon=nan, fixed_val_regret=nan
Recourse DFL epoch 8/45: CVAE=1.78615, IPL=0, OPL=0, lambda_eff=0; train_shed=0, train_regret=nan; fixed_val_shed=nan, fixed_val_carbon=nan, fixed_val_regret=nan
Recourse DFL epoch 9/45: CVAE=1.68455, IPL=0, OPL=0, lambda_eff=0; train_shed=0, train_regret=nan; fixed_val_shed=nan, fixed_val_carbon=nan, fixed_val_regret=nan
Recourse DFL epoch 10/45: CVAE=1.57955, IPL=0, OPL=0, lambda_eff=0; train_shed=0, train_regret=nan; fixed_val_shed=nan, fixed_val_carbon=nan, fixed_val_regret=nan
Recourse DFL epoch 11/45: CVAE=1.05082, IPL=0, OPL=0, lambda_eff=0; train_shed=0, train_regret=nan; fixed_val_shed=nan, fixed_val_carbon=nan, fixed_val_regret=nan
Recourse DFL epoch 12/45: CVAE=1.43285, IPL=0, OPL=0, lambda_eff=0; train_shed=0, train_regret=nan; fixed_val_shed=nan, fixed_val_carbon=nan, fixed_val_regret=nan
Recourse DFL epoch 13/45: CVAE=1.34666, IPL=0, OPL=0, lambda_eff=0; train_shed=0, train_regret=nan; fixed_val_shed=nan, fixed_val_carbon=nan, fixed_val_regret=nan
Recourse DFL epoch 14/45: CVAE=1.16498, IPL=0, OPL=0, lambda_eff=0; train_shed=0, train_regret=nan; fixed_val_shed=nan, fixed_val_carbon=nan, fixed_val_regret=nan
Recourse DFL epoch 15/45: CVAE=1.52446, IPL=0, OPL=0, lambda_eff=0; train_shed=0, train_regret=nan; fixed_val_shed=nan, fixed_val_carbon=nan, fixed_val_regret=nan
Recourse DFL epoch 16/45: CVAE=1.02384, IPL=0, OPL=0, lambda_eff=0; train_shed=0, train_regret=nan; fixed_val_shed=nan, fixed_val_carbon=nan, fixed_val_regret=nan
Recourse DFL epoch 17/45: CVAE=1.04988, IPL=0, OPL=0, lambda_eff=0; train_shed=0, train_regret=nan; fixed_val_shed=nan, fixed_val_carbon=nan, fixed_val_regret=nan
Recourse DFL epoch 18/45: CVAE=1.21892, IPL=0, OPL=0, lambda_eff=0; train_shed=0, train_regret=nan; fixed_val_shed=nan, fixed_val_carbon=nan, fixed_val_regret=nan
Recourse DFL epoch 19/45: CVAE=1.08262, IPL=0, OPL=0, lambda_eff=0; train_shed=0, train_regret=nan; fixed_val_shed=nan, fixed_val_carbon=nan, fixed_val_regret=nan
Recourse DFL epoch 20/45: CVAE=1.08908, IPL=0, OPL=0, lambda_eff=0; train_shed=0, train_regret=nan; fixed_val_shed=nan, fixed_val_carbon=nan, fixed_val_regret=nan
Recourse DFL epoch 21/45: CVAE=1.21367, IPL=0, OPL=0, lambda_eff=0; train_shed=0, train_regret=nan; fixed_val_shed=nan, fixed_val_carbon=nan, fixed_val_regret=nan
Recourse DFL epoch 22/45: CVAE=1.33664, IPL=0, OPL=0, lambda_eff=0; train_shed=0, train_regret=nan; fixed_val_shed=nan, fixed_val_carbon=nan, fixed_val_regret=nan
Recourse DFL epoch 23/45: CVAE=1.12786, IPL=0, OPL=0, lambda_eff=0; train_shed=0, train_regret=nan; fixed_val_shed=nan, fixed_val_carbon=nan, fixed_val_regret=nan
Recourse DFL epoch 24/45: CVAE=0.993367, IPL=0, OPL=0, lambda_eff=0; train_shed=0, train_regret=nan; fixed_val_shed=nan, fixed_val_carbon=nan, fixed_val_regret=nan
Recourse DFL epoch 25/45: CVAE=1.27835, IPL=0, OPL=0, lambda_eff=0; train_shed=0, train_regret=nan; fixed_val_shed=nan, fixed_val_carbon=nan, fixed_val_regret=nan
Recourse DFL epoch 26/45: CVAE=1.39322, IPL=0, OPL=0, lambda_eff=0; train_shed=0, train_regret=nan; fixed_val_shed=nan, fixed_val_carbon=nan, fixed_val_regret=nan
Recourse DFL epoch 27/45: CVAE=1.48121, IPL=0, OPL=0, lambda_eff=0; train_shed=0, train_regret=nan; fixed_val_shed=nan, fixed_val_carbon=nan, fixed_val_regret=nan
Recourse DFL epoch 28/45: CVAE=1.11939, IPL=0, OPL=0, lambda_eff=0; train_shed=0, train_regret=nan; fixed_val_shed=nan, fixed_val_carbon=nan, fixed_val_regret=nan
Recourse DFL epoch 29/45: CVAE=1.25985, IPL=0, OPL=0, lambda_eff=0; train_shed=0, train_regret=nan; fixed_val_shed=nan, fixed_val_carbon=nan, fixed_val_regret=nan
Recourse DFL epoch 30/45: CVAE=1.12906, IPL=0, OPL=0, lambda_eff=0; train_shed=0, train_regret=nan; fixed_val_shed=nan, fixed_val_carbon=nan, fixed_val_regret=nan
Recourse DFL epoch 31/45: CVAE=0.999108, IPL=0, OPL=0, lambda_eff=0; train_shed=0, train_regret=nan; fixed_val_shed=nan, fixed_val_carbon=nan, fixed_val_regret=nan
Recourse DFL epoch 32/45: CVAE=0.910516, IPL=0, OPL=0, lambda_eff=0; train_shed=0, train_regret=nan; fixed_val_shed=nan, fixed_val_carbon=nan, fixed_val_regret=nan
Recourse DFL epoch 33/45: CVAE=1.1272, IPL=0, OPL=0, lambda_eff=0; train_shed=0, train_regret=nan; fixed_val_shed=nan, fixed_val_carbon=nan, fixed_val_regret=nan
Recourse DFL epoch 34/45: CVAE=0.958283, IPL=0, OPL=0, lambda_eff=0; train_shed=0, train_regret=nan; fixed_val_shed=nan, fixed_val_carbon=nan, fixed_val_regret=nan
Recourse DFL epoch 35/45: CVAE=0.932981, IPL=0, OPL=0, lambda_eff=0; train_shed=0, train_regret=nan; fixed_val_shed=nan, fixed_val_carbon=nan, fixed_val_regret=nan
Recourse DFL epoch 36/45: CVAE=0.939531, IPL=0, OPL=0, lambda_eff=0; train_shed=0, train_regret=nan; fixed_val_shed=nan, fixed_val_carbon=nan, fixed_val_regret=nan
Recourse DFL epoch 37/45: CVAE=1.06656, IPL=0, OPL=0, lambda_eff=0; train_shed=0, train_regret=nan; fixed_val_shed=nan, fixed_val_carbon=nan, fixed_val_regret=nan
Recourse DFL epoch 38/45: CVAE=1.2742, IPL=0, OPL=0, lambda_eff=0; train_shed=0, train_regret=nan; fixed_val_shed=nan, fixed_val_carbon=nan, fixed_val_regret=nan
Recourse DFL epoch 39/45: CVAE=0.86997, IPL=0, OPL=0, lambda_eff=0; train_shed=0, train_regret=nan; fixed_val_shed=nan, fixed_val_carbon=nan, fixed_val_regret=nan
Recourse DFL epoch 40/45: CVAE=0.962709, IPL=0, OPL=0, lambda_eff=0; train_shed=0, train_regret=nan; fixed_val_shed=nan, fixed_val_carbon=nan, fixed_val_regret=nan
Recourse DFL epoch 41/45: CVAE=1.02662, IPL=0, OPL=0, lambda_eff=0; train_shed=0, train_regret=nan; fixed_val_shed=nan, fixed_val_carbon=nan, fixed_val_regret=nan
Recourse DFL epoch 42/45: CVAE=0.985703, IPL=0, OPL=0, lambda_eff=0; train_shed=0, train_regret=nan; fixed_val_shed=nan, fixed_val_carbon=nan, fixed_val_regret=nan
Recourse DFL epoch 43/45: CVAE=0.911089, IPL=0, OPL=0, lambda_eff=0; train_shed=0, train_regret=nan; fixed_val_shed=nan, fixed_val_carbon=nan, fixed_val_regret=nan
Recourse DFL epoch 44/45: CVAE=0.895924, IPL=0, OPL=0, lambda_eff=0; train_shed=0, train_regret=nan; fixed_val_shed=nan, fixed_val_carbon=nan, fixed_val_regret=nan
Recourse DFL epoch 45/45: CVAE=0.804798, IPL=0, OPL=0, lambda_eff=0; train_shed=0, train_regret=nan; fixed_val_shed=nan, fixed_val_carbon=nan, fixed_val_regret=nan
WARNING: history.json contains 360 non-finite value(s), written as null: [0].decision_regret, [0].planning_objective, [0].recourse_objective, [0].reference_objective, [0].validation_load_shedding_fraction, [0].validation_carbon_excess_t_per_mwh, [0].validation_decision_regret, [0].validation_objective, [1].decision_regret, [1].planning_objective, [1].recourse_objective, [1].reference_objective, [1].validation_load_shedding_fraction, [1].validation_carbon_excess_t_per_mwh, [1].validation_decision_regret, [1].validation_objective, [2].decision_regret, [2].planning_objective, [2].recourse_objective, [2].reference_objective, [2].validation_load_shedding_fraction, [2].validation_carbon_excess_t_per_mwh, [2].validation_decision_regret, [2].validation_objective, [3].decision_regret, [3].planning_objective, [3].recourse_objective, [3].reference_objective, [3].validation_load_shedding_fraction, [3].validation_carbon_excess_t_per_mwh, [3].validation_decision_regret, [3].validation_objective, [4].decision_regret, [4].planning_objective, [4].recourse_objective, [4].reference_objective, [4].validation_load_shedding_fraction, [4].validation_carbon_excess_t_per_mwh, [4].validation_decision_regret, [4].validation_objective, [5].decision_regret, [5].planning_objective, [5].recourse_objective, [5].reference_objective, [5].validation_load_shedding_fraction, [5].validation_carbon_excess_t_per_mwh, [5].validation_decision_regret, [5].validation_objective, [6].decision_regret, [6].planning_objective, [6].recourse_objective, [6].reference_objective, [6].validation_load_shedding_fraction, [6].validation_carbon_excess_t_per_mwh, [6].validation_decision_regret, [6].validation_objective, [7].decision_regret, [7].planning_objective, [7].recourse_objective, [7].reference_objective, [7].validation_load_shedding_fraction, [7].validation_carbon_excess_t_per_mwh, [7].validation_decision_regret, [7].validation_objective, [8].decision_regret, [8].planning_objective, [8].recourse_objective, [8].reference_objective, [8].validation_load_shedding_fraction, [8].validation_carbon_excess_t_per_mwh, [8].validation_decision_regret, [8].validation_objective, [9].decision_regret, [9].planning_objective, [9].recourse_objective, [9].reference_objective, [9].validation_load_shedding_fraction, [9].validation_carbon_excess_t_per_mwh, [9].validation_decision_regret, [9].validation_objective, [10].decision_regret, [10].planning_objective, [10].recourse_objective, [10].reference_objective, [10].validation_load_shedding_fraction, [10].validation_carbon_excess_t_per_mwh, [10].validation_decision_regret, [10].validation_objective, [11].decision_regret, [11].planning_objective, [11].recourse_objective, [11].reference_objective, [11].validation_load_shedding_fraction, [11].validation_carbon_excess_t_per_mwh, [11].validation_decision_regret, [11].validation_objective, [12].decision_regret, [12].planning_objective, [12].recourse_objective, [12].reference_objective, [12].validation_load_shedding_fraction, [12].validation_carbon_excess_t_per_mwh, [12].validation_decision_regret, [12].validation_objective, [13].decision_regret, [13].planning_objective, [13].recourse_objective, [13].reference_objective, [13].validation_load_shedding_fraction, [13].validation_carbon_excess_t_per_mwh, [13].validation_decision_regret, [13].validation_objective, [14].decision_regret, [14].planning_objective, [14].recourse_objective, [14].reference_objective, [14].validation_load_shedding_fraction, [14].validation_carbon_excess_t_per_mwh, [14].validation_decision_regret, [14].validation_objective, [15].decision_regret, [15].planning_objective, [15].recourse_objective, [15].reference_objective, [15].validation_load_shedding_fraction, [15].validation_carbon_excess_t_per_mwh, [15].validation_decision_regret, [15].validation_objective, [16].decision_regret, [16].planning_objective, [16].recourse_objective, [16].reference_objective, [16].validation_load_shedding_fraction, [16].validation_carbon_excess_t_per_mwh, [16].validation_decision_regret, [16].validation_objective, [17].decision_regret, [17].planning_objective, [17].recourse_objective, [17].reference_objective, [17].validation_load_shedding_fraction, [17].validation_carbon_excess_t_per_mwh, [17].validation_decision_regret, [17].validation_objective, [18].decision_regret, [18].planning_objective, [18].recourse_objective, [18].reference_objective, [18].validation_load_shedding_fraction, [18].validation_carbon_excess_t_per_mwh, [18].validation_decision_regret, [18].validation_objective, [19].decision_regret, [19].planning_objective, [19].recourse_objective, [19].reference_objective, [19].validation_load_shedding_fraction, [19].validation_carbon_excess_t_per_mwh, [19].validation_decision_regret, [19].validation_objective, [20].decision_regret, [20].planning_objective, [20].recourse_objective, [20].reference_objective, [20].validation_load_shedding_fraction, [20].validation_carbon_excess_t_per_mwh, [20].validation_decision_regret, [20].validation_objective, [21].decision_regret, [21].planning_objective, [21].recourse_objective, [21].reference_objective, [21].validation_load_shedding_fraction, [21].validation_carbon_excess_t_per_mwh, [21].validation_decision_regret, [21].validation_objective, [22].decision_regret, [22].planning_objective, [22].recourse_objective, [22].reference_objective, [22].validation_load_shedding_fraction, [22].validation_carbon_excess_t_per_mwh, [22].validation_decision_regret, [22].validation_objective, [23].decision_regret, [23].planning_objective, [23].recourse_objective, [23].reference_objective, [23].validation_load_shedding_fraction, [23].validation_carbon_excess_t_per_mwh, [23].validation_decision_regret, [23].validation_objective, [24].decision_regret, [24].planning_objective, [24].recourse_objective, [24].reference_objective, [24].validation_load_shedding_fraction, [24].validation_carbon_excess_t_per_mwh, [24].validation_decision_regret, [24].validation_objective, [25].decision_regret, [25].planning_objective, [25].recourse_objective, [25].reference_objective, [25].validation_load_shedding_fraction, [25].validation_carbon_excess_t_per_mwh, [25].validation_decision_regret, [25].validation_objective, [26].decision_regret, [26].planning_objective, [26].recourse_objective, [26].reference_objective, [26].validation_load_shedding_fraction, [26].validation_carbon_excess_t_per_mwh, [26].validation_decision_regret, [26].validation_objective, [27].decision_regret, [27].planning_objective, [27].recourse_objective, [27].reference_objective, [27].validation_load_shedding_fraction, [27].validation_carbon_excess_t_per_mwh, [27].validation_decision_regret, [27].validation_objective, [28].decision_regret, [28].planning_objective, [28].recourse_objective, [28].reference_objective, [28].validation_load_shedding_fraction, [28].validation_carbon_excess_t_per_mwh, [28].validation_decision_regret, [28].validation_objective, [29].decision_regret, [29].planning_objective, [29].recourse_objective, [29].reference_objective, [29].validation_load_shedding_fraction, [29].validation_carbon_excess_t_per_mwh, [29].validation_decision_regret, [29].validation_objective, [30].decision_regret, [30].planning_objective, [30].recourse_objective, [30].reference_objective, [30].validation_load_shedding_fraction, [30].validation_carbon_excess_t_per_mwh, [30].validation_decision_regret, [30].validation_objective, [31].decision_regret, [31].planning_objective, [31].recourse_objective, [31].reference_objective, [31].validation_load_shedding_fraction, [31].validation_carbon_excess_t_per_mwh, [31].validation_decision_regret, [31].validation_objective, [32].decision_regret, [32].planning_objective, [32].recourse_objective, [32].reference_objective, [32].validation_load_shedding_fraction, [32].validation_carbon_excess_t_per_mwh, [32].validation_decision_regret, [32].validation_objective, [33].decision_regret, [33].planning_objective, [33].recourse_objective, [33].reference_objective, [33].validation_load_shedding_fraction, [33].validation_carbon_excess_t_per_mwh, [33].validation_decision_regret, [33].validation_objective, [34].decision_regret, [34].planning_objective, [34].recourse_objective, [34].reference_objective, [34].validation_load_shedding_fraction, [34].validation_carbon_excess_t_per_mwh, [34].validation_decision_regret, [34].validation_objective, [35].decision_regret, [35].planning_objective, [35].recourse_objective, [35].reference_objective, [35].validation_load_shedding_fraction, [35].validation_carbon_excess_t_per_mwh, [35].validation_decision_regret, [35].validation_objective, [36].decision_regret, [36].planning_objective, [36].recourse_objective, [36].reference_objective, [36].validation_load_shedding_fraction, [36].validation_carbon_excess_t_per_mwh, [36].validation_decision_regret, [36].validation_objective, [37].decision_regret, [37].planning_objective, [37].recourse_objective, [37].reference_objective, [37].validation_load_shedding_fraction, [37].validation_carbon_excess_t_per_mwh, [37].validation_decision_regret, [37].validation_objective, [38].decision_regret, [38].planning_objective, [38].recourse_objective, [38].reference_objective, [38].validation_load_shedding_fraction, [38].validation_carbon_excess_t_per_mwh, [38].validation_decision_regret, [38].validation_objective, [39].decision_regret, [39].planning_objective, [39].recourse_objective, [39].reference_objective, [39].validation_load_shedding_fraction, [39].validation_carbon_excess_t_per_mwh, [39].validation_decision_regret, [39].validation_objective, [40].decision_regret, [40].planning_objective, [40].recourse_objective, [40].reference_objective, [40].validation_load_shedding_fraction, [40].validation_carbon_excess_t_per_mwh, [40].validation_decision_regret, [40].validation_objective, [41].decision_regret, [41].planning_objective, [41].recourse_objective, [41].reference_objective, [41].validation_load_shedding_fraction, [41].validation_carbon_excess_t_per_mwh, [41].validation_decision_regret, [41].validation_objective, [42].decision_regret, [42].planning_objective, [42].recourse_objective, [42].reference_objective, [42].validation_load_shedding_fraction, [42].validation_carbon_excess_t_per_mwh, [42].validation_decision_regret, [42].validation_objective, [43].decision_regret, [43].planning_objective, [43].recourse_objective, [43].reference_objective, [43].validation_load_shedding_fraction, [43].validation_carbon_excess_t_per_mwh, [43].validation_decision_regret, [43].validation_objective, [44].decision_regret, [44].planning_objective, [44].recourse_objective, [44].reference_objective, [44].validation_load_shedding_fraction, [44].validation_carbon_excess_t_per_mwh, [44].validation_decision_regret, [44].validation_objective. A non-finite relative_gap means the solve stopped without proving a bound -- check the status field, and if it is 'memlimit' raise solver_memory_limit_mb or shrink the scenario set.
generator: cvae
method: recourse_feasibility
device: cuda
epochs: 45
scenario weights: [0.19858040459298443, 0.0023659923450259565, 0.0023659923450259565, 0.19858040459298443, 0.19858040459298443, 0.19858040459298443, 0.0023659923450259565, 0.19858040459298443]
final design: installed=['PCC'], P=1.3936 MW, E=6.3876 MWh
checkpoint: E:\Vscode\ESS_planning\dfl-storage-planning-local\outputs\baselines\learning_objective\hourly_layered_t1\cvae_only\seed_20260808\runs\20260811-185936\checkpoint.pt
run id: 20260811-185936

EVALUATION COMMAND
D:\APPs\Anaconda\envs\storage-dfl\python.exe E:\Vscode\ESS_planning\dfl-storage-planning-local\scripts\evaluate.py --config E:\Vscode\ESS_planning\dfl-storage-planning-local\outputs\baselines\learning_objective\hourly_layered_t1\suites\20260811-185935\configs\cvae_only_seed_20260808.yaml --checkpoint E:\Vscode\ESS_planning\dfl-storage-planning-local\outputs\baselines\learning_objective\hourly_layered_t1\cvae_only\seed_20260808\runs\20260811-185936\checkpoint.pt

Starting evaluation with E:\Vscode\ESS_planning\dfl-storage-planning-local\outputs\baselines\learning_objective\hourly_layered_t1\suites\20260811-185935\configs\cvae_only_seed_20260808.yaml...
Traceback (most recent call last):
  File "E:\Vscode\ESS_planning\dfl-storage-planning-local\scripts\evaluate.py", line 140, in <module>
    main()
  File "E:\Vscode\ESS_planning\dfl-storage-planning-local\scripts\evaluate.py", line 68, in main
    result = evaluate_stage(
             ^^^^^^^^^^^^^^^
  File "D:\APPs\Anaconda\envs\storage-dfl\Lib\site-packages\torch\utils\_contextlib.py", line 124, in decorate_context
    return func(*args, **kwargs)
           ^^^^^^^^^^^^^^^^^^^^^
  File "E:\Vscode\ESS_planning\dfl-storage-planning-local\src\storage_dfl\stages.py", line 954, in evaluate_stage
    cvae = load_generator(paths, config.generator.kind, device)
           ^^^^^^^^^^^^^^^^^^^^^^^^^^^^^^^^^^^^^^^^^^^^^^^^^^^^
  File "E:\Vscode\ESS_planning\dfl-storage-planning-local\src\storage_dfl\stages.py", line 361, in load_generator
    checkpoint = _load_torch(paths.generator_checkpoint_for(kind), device)
                 ^^^^^^^^^^^^^^^^^^^^^^^^^^^^^^^^^^^^^^^^^^^^^^^^^^^^^^^^^
  File "E:\Vscode\ESS_planning\dfl-storage-planning-local\src\storage_dfl\stages.py", line 293, in _load_torch
    raise FileNotFoundError(f"Required checkpoint not found: {path}")
FileNotFoundError: Required checkpoint not found: E:\Vscode\ESS_planning\dfl-storage-planning-local\outputs\baselines\learning_objective\hourly_layered_t1\cvae_only\seed_20260808\cvae.pt
