TRAIN COMMAND
D:\APPs\Anaconda\envs\storage-dfl\python.exe E:\Vscode\ESS_planning\dfl-storage-planning-local\scripts\train_dfl.py --config E:\Vscode\ESS_planning\dfl-storage-planning-local\outputs\baselines\learning_objective\hourly_layered_t1\suites\20260811-185935\configs\dfl_full_seed_20260808.yaml

Starting DFL training with E:\Vscode\ESS_planning\dfl-storage-planning-local\outputs\baselines\learning_objective\hourly_layered_t1\suites\20260811-185935\configs\dfl_full_seed_20260808.yaml...
Fitted training-split normalization: E:\Vscode\ESS_planning\dfl-storage-planning-local\outputs\baselines\learning_objective\hourly_layered_t1\dfl_full\seed_20260808\normalization.json
DFL initialization: random generator weights; joint CVAE-DFL training
training solves at relative gap 0.01; evaluation stays at 0.001
Fixed validation baseline (random-initialized epoch -1): shed=7.93e-05, carbon=0.0125 t/MWh, regret=0.0205
Recourse DFL epoch 1/45: CVAE=2.8916, IPL=0, OPL=0, lambda_eff=1; train_shed=0, train_regret=nan; fixed_val_shed=7.97e-05, fixed_val_carbon=0.0125, fixed_val_regret=0.0231 [best]
Recourse DFL epoch 2/45: CVAE=2.56427, IPL=0, OPL=0, lambda_eff=1; train_shed=0, train_regret=nan; fixed_val_shed=7.94e-05, fixed_val_carbon=0.0125, fixed_val_regret=0.0203 [best]
Recourse DFL epoch 3/45: CVAE=1.88258, IPL=0, OPL=0, lambda_eff=1; train_shed=0, train_regret=nan; fixed_val_shed=7.91e-05, fixed_val_carbon=0.0124, fixed_val_regret=0.0201 [best]
Recourse DFL epoch 4/45: CVAE=1.8592, IPL=0, OPL=0, lambda_eff=1; train_shed=0, train_regret=nan; fixed_val_shed=7.9e-05, fixed_val_carbon=0.0124, fixed_val_regret=0.0196 [best]
Recourse DFL epoch 5/45: CVAE=1.67861, IPL=0, OPL=0, lambda_eff=1; train_shed=0, train_regret=nan; fixed_val_shed=7.91e-05, fixed_val_carbon=0.0124, fixed_val_regret=0.0193 [best]
Recourse DFL epoch 6/45: CVAE=1.58754, IPL=0, OPL=0, lambda_eff=1; train_shed=0, train_regret=nan; fixed_val_shed=7.92e-05, fixed_val_carbon=0.0122, fixed_val_regret=0.0225 [best]
Recourse DFL epoch 7/45: CVAE=1.34811, IPL=0, OPL=0, lambda_eff=1; train_shed=0, train_regret=nan; fixed_val_shed=7.98e-05, fixed_val_carbon=0.0123, fixed_val_regret=0.0193
Recourse DFL epoch 8/45: CVAE=1.78615, IPL=0, OPL=0, lambda_eff=1; train_shed=0, train_regret=nan; fixed_val_shed=7.99e-05, fixed_val_carbon=0.0122, fixed_val_regret=0.0226 [best]
Recourse DFL epoch 9/45: CVAE=1.68455, IPL=0, OPL=0, lambda_eff=1; train_shed=0, train_regret=nan; fixed_val_shed=7.81e-05, fixed_val_carbon=0.0122, fixed_val_regret=0.0191 [best]
Recourse DFL epoch 10/45: CVAE=1.57955, IPL=0, OPL=0, lambda_eff=1; train_shed=0, train_regret=nan; fixed_val_shed=7.64e-05, fixed_val_carbon=0.0122, fixed_val_regret=0.022 [best]
Recourse DFL epoch 11/45: CVAE=1.05082, IPL=0.00368, OPL=9.52e-05, lambda_eff=108; train_shed=4.61e-05, train_regret=0.0182; fixed_val_shed=7.36e-05, fixed_val_carbon=0.0122, fixed_val_regret=0.0184 [best]
Recourse DFL epoch 12/45: CVAE=1.42585, IPL=0.0038, OPL=9.87e-05, lambda_eff=71.6; train_shed=5.05e-05, train_regret=0.019; fixed_val_shed=7.04e-05, fixed_val_carbon=0.0122, fixed_val_regret=0.0179
Recourse DFL epoch 13/45: CVAE=1.35411, IPL=0.00377, OPL=8.77e-05, lambda_eff=57.1; train_shed=5.05e-05, train_regret=0.0177; fixed_val_shed=5.8e-05, fixed_val_carbon=0.0121, fixed_val_regret=0.0164 [best]
Recourse DFL epoch 14/45: CVAE=1.17118, IPL=0.00367, OPL=0.000141, lambda_eff=62.2; train_shed=4.58e-05, train_regret=0.0198; fixed_val_shed=6.27e-05, fixed_val_carbon=0.0121, fixed_val_regret=0.017
Recourse DFL epoch 15/45: CVAE=1.548, IPL=0.00363, OPL=9.82e-05, lambda_eff=59.8; train_shed=4.6e-05, train_regret=0.0184; fixed_val_shed=8.24e-05, fixed_val_carbon=0.0123, fixed_val_regret=0.0196
Recourse DFL epoch 16/45: CVAE=1.01631, IPL=0.00359, OPL=0.000147, lambda_eff=61.9; train_shed=3.87e-05, train_regret=0.0178; fixed_val_shed=8.27e-05, fixed_val_carbon=0.0123, fixed_val_regret=0.0228
Recourse DFL epoch 17/45: CVAE=1.05282, IPL=0.00361, OPL=0.000102, lambda_eff=67.2; train_shed=4.42e-05, train_regret=0.017; fixed_val_shed=8.31e-05, fixed_val_carbon=0.0123, fixed_val_regret=0.0228
Recourse DFL epoch 18/45: CVAE=1.28293, IPL=0.00347, OPL=9.82e-05, lambda_eff=62.6; train_shed=3.86e-05, train_regret=0.0149; fixed_val_shed=8.32e-05, fixed_val_carbon=0.0123, fixed_val_regret=0.023
Recourse DFL epoch 19/45: CVAE=1.13044, IPL=0.00347, OPL=9.61e-05, lambda_eff=61.4; train_shed=3.86e-05, train_regret=0.016; fixed_val_shed=7.66e-05, fixed_val_carbon=0.0122, fixed_val_regret=0.0189
Recourse DFL epoch 20/45: CVAE=1.10009, IPL=0.00354, OPL=0.000101, lambda_eff=57.6; train_shed=4.21e-05, train_regret=0.0169; fixed_val_shed=7e-05, fixed_val_carbon=0.0122, fixed_val_regret=0.0178
Recourse DFL epoch 21/45: CVAE=1.2475, IPL=0.0036, OPL=0.000109, lambda_eff=58.5; train_shed=4.67e-05, train_regret=0.0188; fixed_val_shed=6.75e-05, fixed_val_carbon=0.0122, fixed_val_regret=0.0177
Recourse DFL epoch 22/45: CVAE=1.4397, IPL=0.00365, OPL=0.00011, lambda_eff=71; train_shed=5.21e-05, train_regret=0.0188; fixed_val_shed=5.56e-05, fixed_val_carbon=0.012, fixed_val_regret=0.0162 [best]
Recourse DFL epoch 23/45: CVAE=1.25972, IPL=0.00332, OPL=0.000127, lambda_eff=83.1; train_shed=3.43e-05, train_regret=0.0156; fixed_val_shed=5.62e-05, fixed_val_carbon=0.012, fixed_val_regret=0.016 [best]
Recourse DFL epoch 24/45: CVAE=1.1061, IPL=0.00337, OPL=9.73e-05, lambda_eff=63.8; train_shed=3.52e-05, train_regret=0.0193; fixed_val_shed=5.68e-05, fixed_val_carbon=0.012, fixed_val_regret=0.0164 [best]
Recourse DFL epoch 25/45: CVAE=1.37926, IPL=0.00338, OPL=0.000115, lambda_eff=69.1; train_shed=4.24e-05, train_regret=0.0147; fixed_val_shed=5.73e-05, fixed_val_carbon=0.0119, fixed_val_regret=0.0183 [best]
Recourse DFL epoch 26/45: CVAE=1.26667, IPL=0.00352, OPL=0.000122, lambda_eff=79.7; train_shed=5.14e-05, train_regret=0.0198; fixed_val_shed=5.1e-05, fixed_val_carbon=0.0119, fixed_val_regret=0.0152
Recourse DFL epoch 27/45: CVAE=1.51441, IPL=0.00327, OPL=0.000114, lambda_eff=68.5; train_shed=3.76e-05, train_regret=0.0185; fixed_val_shed=5.06e-05, fixed_val_carbon=0.0119, fixed_val_regret=0.015 [best]
Recourse DFL epoch 28/45: CVAE=1.22728, IPL=0.00334, OPL=0.000113, lambda_eff=63.5; train_shed=4.23e-05, train_regret=0.0164; fixed_val_shed=5.17e-05, fixed_val_carbon=0.0118, fixed_val_regret=0.0158 [best]
Recourse DFL epoch 29/45: CVAE=1.35988, IPL=0.00337, OPL=0.00012, lambda_eff=74.7; train_shed=4.61e-05, train_regret=0.0175; fixed_val_shed=5.13e-05, fixed_val_carbon=0.0118, fixed_val_regret=0.0153 [best]
Recourse DFL epoch 30/45: CVAE=1.17516, IPL=0.00334, OPL=0.000112, lambda_eff=49.1; train_shed=4.63e-05, train_regret=0.0151; fixed_val_shed=5.08e-05, fixed_val_carbon=0.0118, fixed_val_regret=0.0154 [best]
Recourse DFL epoch 31/45: CVAE=1.16101, IPL=0.0033, OPL=0.000124, lambda_eff=73; train_shed=4.6e-05, train_regret=0.0192; fixed_val_shed=5.12e-05, fixed_val_carbon=0.0117, fixed_val_regret=0.0155 [best]
Recourse DFL epoch 32/45: CVAE=1.07172, IPL=0.00322, OPL=0.000119, lambda_eff=43.6; train_shed=4.17e-05, train_regret=0.0155; fixed_val_shed=5.11e-05, fixed_val_carbon=0.0117, fixed_val_regret=0.0154 [best]
Recourse DFL epoch 33/45: CVAE=1.307, IPL=0.0031, OPL=0.000115, lambda_eff=54.1; train_shed=3.38e-05, train_regret=0.0195; fixed_val_shed=5.09e-05, fixed_val_carbon=0.0117, fixed_val_regret=0.0155 [best]
Recourse DFL epoch 34/45: CVAE=1.0855, IPL=0.00307, OPL=0.000133, lambda_eff=55; train_shed=3.74e-05, train_regret=0.0158; fixed_val_shed=5.34e-05, fixed_val_carbon=0.0116, fixed_val_regret=0.017 [best]
Recourse DFL epoch 35/45: CVAE=1.1947, IPL=0.00283, OPL=0.000112, lambda_eff=54.2; train_shed=2.23e-05, train_regret=0.0162; fixed_val_shed=5.39e-05, fixed_val_carbon=0.0116, fixed_val_regret=0.0171 [best]
Recourse DFL epoch 36/45: CVAE=1.18992, IPL=0.00284, OPL=0.000114, lambda_eff=66.3; train_shed=2.21e-05, train_regret=0.0184; fixed_val_shed=5.33e-05, fixed_val_carbon=0.0117, fixed_val_regret=0.0169
Recourse DFL epoch 37/45: CVAE=1.34641, IPL=0.00302, OPL=0.000122, lambda_eff=59.4; train_shed=3.77e-05, train_regret=0.015; fixed_val_shed=5.1e-05, fixed_val_carbon=0.0117, fixed_val_regret=0.0166
Recourse DFL epoch 38/45: CVAE=1.50096, IPL=0.00275, OPL=0.00014, lambda_eff=83.8; train_shed=2.3e-05, train_regret=0.017; fixed_val_shed=5.23e-05, fixed_val_carbon=0.0116, fixed_val_regret=0.0169 [best]
Recourse DFL epoch 39/45: CVAE=1.12923, IPL=0.00271, OPL=0.000135, lambda_eff=37.7; train_shed=1.98e-05, train_regret=0.0117; fixed_val_shed=5.46e-05, fixed_val_carbon=0.0116, fixed_val_regret=0.0172
Recourse DFL epoch 40/45: CVAE=1.18762, IPL=0.00299, OPL=0.000127, lambda_eff=44.1; train_shed=3.26e-05, train_regret=0.0181; fixed_val_shed=5.51e-05, fixed_val_carbon=0.0117, fixed_val_regret=0.017
Recourse DFL epoch 41/45: CVAE=1.26942, IPL=0.00294, OPL=0.000146, lambda_eff=46.9; train_shed=3.31e-05, train_regret=0.015; fixed_val_shed=5.63e-05, fixed_val_carbon=0.0116, fixed_val_regret=0.0172
Recourse DFL epoch 42/45: CVAE=1.37832, IPL=0.00294, OPL=0.000134, lambda_eff=48.7; train_shed=3.34e-05, train_regret=0.0185; fixed_val_shed=5.63e-05, fixed_val_carbon=0.0115, fixed_val_regret=0.0173 [best]
Recourse DFL epoch 43/45: CVAE=1.27638, IPL=0.00261, OPL=0.000122, lambda_eff=51.3; train_shed=1.78e-05, train_regret=0.0123; fixed_val_shed=5.64e-05, fixed_val_carbon=0.0115, fixed_val_regret=0.0171 [best]
Recourse DFL epoch 44/45: CVAE=1.28235, IPL=0.00266, OPL=0.000125, lambda_eff=46.5; train_shed=2.28e-05, train_regret=0.0172; fixed_val_shed=5.29e-05, fixed_val_carbon=0.0112, fixed_val_regret=0.0169 [best]
Recourse DFL epoch 45/45: CVAE=1.06868, IPL=0.00259, OPL=0.000182, lambda_eff=45.3; train_shed=2.05e-05, train_regret=0.0116; fixed_val_shed=4.91e-05, fixed_val_carbon=0.0112, fixed_val_regret=0.0166 [best]
WARNING: history.json contains 40 non-finite value(s), written as null: [0].decision_regret, [0].planning_objective, [0].recourse_objective, [0].reference_objective, [1].decision_regret, [1].planning_objective, [1].recourse_objective, [1].reference_objective, [2].decision_regret, [2].planning_objective, [2].recourse_objective, [2].reference_objective, [3].decision_regret, [3].planning_objective, [3].recourse_objective, [3].reference_objective, [4].decision_regret, [4].planning_objective, [4].recourse_objective, [4].reference_objective, [5].decision_regret, [5].planning_objective, [5].recourse_objective, [5].reference_objective, [6].decision_regret, [6].planning_objective, [6].recourse_objective, [6].reference_objective, [7].decision_regret, [7].planning_objective, [7].recourse_objective, [7].reference_objective, [8].decision_regret, [8].planning_objective, [8].recourse_objective, [8].reference_objective, [9].decision_regret, [9].planning_objective, [9].recourse_objective, [9].reference_objective. A non-finite relative_gap means the solve stopped without proving a bound -- check the status field, and if it is 'memlimit' raise solver_memory_limit_mb or shrink the scenario set.
generator: cvae
method: recourse_feasibility
device: cuda
epochs: 45
scenario weights: [0.19858040459298443, 0.0023659923450259565, 0.0023659923450259565, 0.19858040459298443, 0.19858040459298443, 0.19858040459298443, 0.0023659923450259565, 0.19858040459298443]
final design: installed=['PCC'], P=1.5022 MW, E=9.2345 MWh
checkpoint: E:\Vscode\ESS_planning\dfl-storage-planning-local\outputs\baselines\learning_objective\hourly_layered_t1\dfl_full\seed_20260808\runs\20260811-185936\checkpoint.pt
run id: 20260811-185936

EVALUATION COMMAND
D:\APPs\Anaconda\envs\storage-dfl\python.exe E:\Vscode\ESS_planning\dfl-storage-planning-local\scripts\evaluate.py --config E:\Vscode\ESS_planning\dfl-storage-planning-local\outputs\baselines\learning_objective\hourly_layered_t1\suites\20260811-185935\configs\dfl_full_seed_20260808.yaml --checkpoint E:\Vscode\ESS_planning\dfl-storage-planning-local\outputs\baselines\learning_objective\hourly_layered_t1\dfl_full\seed_20260808\runs\20260811-185936\checkpoint.pt

Starting evaluation with E:\Vscode\ESS_planning\dfl-storage-planning-local\outputs\baselines\learning_objective\hourly_layered_t1\suites\20260811-185935\configs\dfl_full_seed_20260808.yaml...
Out-of-sample evaluation: solving 16 scenarios separately...
No-storage reference: solving 16 scenarios separately...
Perfect-information reference: solving the true scenario MILP...
generator: cvae
method: recourse_feasibility
evaluated checkpoint: E:\Vscode\ESS_planning\dfl-storage-planning-local\outputs\baselines\learning_objective\hourly_layered_t1\dfl_full\seed_20260808\runs\20260811-185936\checkpoint.pt
training run id: 20260811-185936
trained carbon formulation: layered_pcc
evaluation carbon formulation: layered_pcc
evaluated design source: selected_training_design
installed buses: ['PCC']
power MW: {'PCC': 1.5022077376264384}
energy MWh: {'PCC': 9.234472404818987}
planning objective: 5343222.21
validation objective: 5769406.00
no-storage reference: 6016801.86
storage value: 247395.85
normalized decision regret: 0.017857
load shedding MWh: 2.651245
carbon excess tCO2: 715.753704
PV curtailment MWh: 0.000000
served demand MWh: 74475.361539
recourse operating cost: 5278602.49
recourse total planning cost: 5769406.00
WARNING: the planning solve stopped at 'timelimit'; its objective is an unproven incumbent, not a converged optimum.
