TRAIN COMMAND
D:\APPs\Anaconda\envs\storage-dfl\python.exe E:\Vscode\ESS_planning\dfl-storage-planning-local\scripts\train_dfl.py --config E:\Vscode\ESS_planning\dfl-storage-planning-local\outputs\baselines\learning_objective\hourly_layered_t1\suites\20260811-185935\configs\opl_only_seed_20260808.yaml

Starting DFL training with E:\Vscode\ESS_planning\dfl-storage-planning-local\outputs\baselines\learning_objective\hourly_layered_t1\suites\20260811-185935\configs\opl_only_seed_20260808.yaml...
Fitted training-split normalization: E:\Vscode\ESS_planning\dfl-storage-planning-local\outputs\baselines\learning_objective\hourly_layered_t1\opl_only\seed_20260808\normalization.json
DFL initialization: random generator weights; joint CVAE-DFL training
training solves at relative gap 0.01; evaluation stays at 0.001
Fixed validation baseline (random-initialized epoch -1): shed=7.93e-05, carbon=0.0125 t/MWh, regret=0.0205
Recourse DFL epoch 1/45: CVAE=2.8916, IPL=0, OPL=0, lambda_eff=1; train_shed=0, train_regret=nan; fixed_val_shed=7.97e-05, fixed_val_carbon=0.0125, fixed_val_regret=0.0231 [best]
Recourse DFL epoch 2/45: CVAE=2.56427, IPL=0, OPL=0, lambda_eff=1; train_shed=0, train_regret=nan; fixed_val_shed=7.94e-05, fixed_val_carbon=0.0125, fixed_val_regret=0.0203 [best]
Recourse DFL epoch 3/45: CVAE=1.88258, IPL=0, OPL=0, lambda_eff=1; train_shed=0, train_regret=nan; fixed_val_shed=7.91e-05, fixed_val_carbon=0.0124, fixed_val_regret=0.0201 [best]
Recourse DFL epoch 4/45: CVAE=1.8592, IPL=0, OPL=0, lambda_eff=1; train_shed=0, train_regret=nan; fixed_val_shed=7.9e-05, fixed_val_carbon=0.0124, fixed_val_regret=0.0196 [best]
Recourse DFL epoch 5/45: CVAE=1.67861, IPL=0, OPL=0, lambda_eff=1; train_shed=0, train_regret=nan; fixed_val_shed=7.91e-05, fixed_val_carbon=0.0124, fixed_val_regret=0.0193 [best]
Recourse DFL epoch 6/45: CVAE=1.58754, IPL=0, OPL=0, lambda_eff=1; train_shed=0, train_regret=nan; fixed_val_shed=7.92e-05, fixed_val_carbon=0.0122, fixed_val_regret=0.0224 [best]
Recourse DFL epoch 7/45: CVAE=1.34811, IPL=0, OPL=0, lambda_eff=1; train_shed=0, train_regret=nan; fixed_val_shed=7.98e-05, fixed_val_carbon=0.0123, fixed_val_regret=0.0193
Recourse DFL epoch 8/45: CVAE=1.78615, IPL=0, OPL=0, lambda_eff=1; train_shed=0, train_regret=nan; fixed_val_shed=7.99e-05, fixed_val_carbon=0.0122, fixed_val_regret=0.0226 [best]
Recourse DFL epoch 9/45: CVAE=1.68455, IPL=0, OPL=0, lambda_eff=1; train_shed=0, train_regret=nan; fixed_val_shed=7.81e-05, fixed_val_carbon=0.0122, fixed_val_regret=0.0191 [best]
Recourse DFL epoch 10/45: CVAE=1.57955, IPL=0, OPL=0, lambda_eff=1; train_shed=0, train_regret=nan; fixed_val_shed=7.64e-05, fixed_val_carbon=0.0122, fixed_val_regret=0.022 [best]
Recourse DFL epoch 11/45: CVAE=1.05082, IPL=0.00368, OPL=9.52e-05, lambda_eff=300; train_shed=4.61e-05, train_regret=0.0182; fixed_val_shed=7.49e-05, fixed_val_carbon=0.0122, fixed_val_regret=0.0186
Recourse DFL epoch 12/45: CVAE=1.4259, IPL=0.00367, OPL=9.63e-05, lambda_eff=208; train_shed=4.24e-05, train_regret=0.0166; fixed_val_shed=7.36e-05, fixed_val_carbon=0.0122, fixed_val_regret=0.0184
Recourse DFL epoch 13/45: CVAE=1.35437, IPL=0.00382, OPL=8.85e-05, lambda_eff=171; train_shed=5.17e-05, train_regret=0.0154; fixed_val_shed=7.23e-05, fixed_val_carbon=0.0121, fixed_val_regret=0.0213 [best]
Recourse DFL epoch 14/45: CVAE=1.17109, IPL=0.00378, OPL=0.000107, lambda_eff=177; train_shed=5.07e-05, train_regret=0.02; fixed_val_shed=7.1e-05, fixed_val_carbon=0.0122, fixed_val_regret=0.018
Recourse DFL epoch 15/45: CVAE=1.54942, IPL=0.00381, OPL=0.000134, lambda_eff=164; train_shed=5.27e-05, train_regret=0.0172; fixed_val_shed=8.24e-05, fixed_val_carbon=0.0122, fixed_val_regret=0.0195
Recourse DFL epoch 16/45: CVAE=1.01689, IPL=0.00369, OPL=0.000127, lambda_eff=174; train_shed=4.32e-05, train_regret=0.0182; fixed_val_shed=8.27e-05, fixed_val_carbon=0.0123, fixed_val_regret=0.0198
Recourse DFL epoch 17/45: CVAE=1.05196, IPL=0.00369, OPL=8.96e-05, lambda_eff=211; train_shed=4.65e-05, train_regret=0.0175; fixed_val_shed=8.32e-05, fixed_val_carbon=0.0123, fixed_val_regret=0.0224
Recourse DFL epoch 18/45: CVAE=1.28372, IPL=0.00367, OPL=8.84e-05, lambda_eff=196; train_shed=4.27e-05, train_regret=0.0177; fixed_val_shed=8.35e-05, fixed_val_carbon=0.0124, fixed_val_regret=0.023
Recourse DFL epoch 19/45: CVAE=1.12842, IPL=0.00362, OPL=8.49e-05, lambda_eff=198; train_shed=4.23e-05, train_regret=0.0165; fixed_val_shed=8.35e-05, fixed_val_carbon=0.0123, fixed_val_regret=0.0229
Recourse DFL epoch 20/45: CVAE=1.10761, IPL=0.00382, OPL=9.52e-05, lambda_eff=195; train_shed=5.23e-05, train_regret=0.0202; fixed_val_shed=8.36e-05, fixed_val_carbon=0.0123, fixed_val_regret=0.0231
Recourse DFL epoch 21/45: CVAE=1.25114, IPL=0.00381, OPL=0.000107, lambda_eff=195; train_shed=5.35e-05, train_regret=0.02; fixed_val_shed=8.38e-05, fixed_val_carbon=0.0123, fixed_val_regret=0.02
Recourse DFL epoch 22/45: CVAE=1.44372, IPL=0.00375, OPL=8.09e-05, lambda_eff=256; train_shed=5.08e-05, train_regret=0.0175; fixed_val_shed=8.43e-05, fixed_val_carbon=0.0124, fixed_val_regret=0.0201
Recourse DFL epoch 23/45: CVAE=1.2525, IPL=0.00358, OPL=8.95e-05, lambda_eff=276; train_shed=3.9e-05, train_regret=0.0142; fixed_val_shed=8.41e-05, fixed_val_carbon=0.0122, fixed_val_regret=0.0199
Recourse DFL epoch 24/45: CVAE=1.11984, IPL=0.00382, OPL=8.67e-05, lambda_eff=239; train_shed=5.37e-05, train_regret=0.0182; fixed_val_shed=8.42e-05, fixed_val_carbon=0.0123, fixed_val_regret=0.0197
Recourse DFL epoch 25/45: CVAE=1.3805, IPL=0.00382, OPL=9.12e-05, lambda_eff=248; train_shed=5.52e-05, train_regret=0.0186; fixed_val_shed=8.45e-05, fixed_val_carbon=0.0123, fixed_val_regret=0.0199
Recourse DFL epoch 26/45: CVAE=1.25791, IPL=0.00379, OPL=9.24e-05, lambda_eff=304; train_shed=5.26e-05, train_regret=0.0177; fixed_val_shed=8.45e-05, fixed_val_carbon=0.0123, fixed_val_regret=0.0201
Recourse DFL epoch 27/45: CVAE=1.50152, IPL=0.00365, OPL=8.58e-05, lambda_eff=235; train_shed=4.63e-05, train_regret=0.0193; fixed_val_shed=8.45e-05, fixed_val_carbon=0.0122, fixed_val_regret=0.0199
Recourse DFL epoch 28/45: CVAE=1.23135, IPL=0.00366, OPL=9.14e-05, lambda_eff=250; train_shed=4.75e-05, train_regret=0.0191; fixed_val_shed=8.42e-05, fixed_val_carbon=0.0122, fixed_val_regret=0.02
Recourse DFL epoch 29/45: CVAE=1.32822, IPL=0.00377, OPL=8.82e-05, lambda_eff=296; train_shed=5.25e-05, train_regret=0.0178; fixed_val_shed=8.19e-05, fixed_val_carbon=0.0123, fixed_val_regret=0.0197
Recourse DFL epoch 30/45: CVAE=1.16905, IPL=0.00368, OPL=0.000109, lambda_eff=192; train_shed=4.69e-05, train_regret=0.0201; fixed_val_shed=7.95e-05, fixed_val_carbon=0.0122, fixed_val_regret=0.0194
Recourse DFL epoch 31/45: CVAE=1.1419, IPL=0.00376, OPL=9.17e-05, lambda_eff=305; train_shed=5.21e-05, train_regret=0.018; fixed_val_shed=7.74e-05, fixed_val_carbon=0.0122, fixed_val_regret=0.0191
Recourse DFL epoch 32/45: CVAE=1.06015, IPL=0.00377, OPL=8.52e-05, lambda_eff=172; train_shed=5.28e-05, train_regret=0.0182; fixed_val_shed=8.15e-05, fixed_val_carbon=0.0122, fixed_val_regret=0.0197
Recourse DFL epoch 33/45: CVAE=1.30209, IPL=0.00359, OPL=8.14e-05, lambda_eff=244; train_shed=4.28e-05, train_regret=0.0159; fixed_val_shed=7.34e-05, fixed_val_carbon=0.0122, fixed_val_regret=0.0216
Recourse DFL epoch 34/45: CVAE=1.08341, IPL=0.00365, OPL=9.59e-05, lambda_eff=243; train_shed=4.12e-05, train_regret=0.0176; fixed_val_shed=7.17e-05, fixed_val_carbon=0.0122, fixed_val_regret=0.0214
Recourse DFL epoch 35/45: CVAE=1.17886, IPL=0.00363, OPL=8.02e-05, lambda_eff=252; train_shed=4.57e-05, train_regret=0.0167; fixed_val_shed=7.09e-05, fixed_val_carbon=0.0122, fixed_val_regret=0.018
Recourse DFL epoch 36/45: CVAE=1.1611, IPL=0.00374, OPL=8.13e-05, lambda_eff=309; train_shed=5.09e-05, train_regret=0.0182; fixed_val_shed=7.04e-05, fixed_val_carbon=0.0122, fixed_val_regret=0.021
Recourse DFL epoch 37/45: CVAE=1.32089, IPL=0.00378, OPL=0.000103, lambda_eff=287; train_shed=5.29e-05, train_regret=0.0182; fixed_val_shed=6.98e-05, fixed_val_carbon=0.0122, fixed_val_regret=0.021
Recourse DFL epoch 38/45: CVAE=1.47287, IPL=0.0038, OPL=9.66e-05, lambda_eff=347; train_shed=5.44e-05, train_regret=0.0188; fixed_val_shed=6.97e-05, fixed_val_carbon=0.0122, fixed_val_regret=0.0178
Recourse DFL epoch 39/45: CVAE=1.11191, IPL=0.00377, OPL=0.000103, lambda_eff=181; train_shed=5.22e-05, train_regret=0.0181; fixed_val_shed=6.97e-05, fixed_val_carbon=0.0122, fixed_val_regret=0.0179
Recourse DFL epoch 40/45: CVAE=1.16818, IPL=0.00367, OPL=0.000107, lambda_eff=229; train_shed=4.68e-05, train_regret=0.0191; fixed_val_shed=6.96e-05, fixed_val_carbon=0.0122, fixed_val_regret=0.0211
Recourse DFL epoch 41/45: CVAE=1.23373, IPL=0.00365, OPL=8.62e-05, lambda_eff=243; train_shed=4.7e-05, train_regret=0.0148; fixed_val_shed=6.97e-05, fixed_val_carbon=0.0122, fixed_val_regret=0.018
Recourse DFL epoch 42/45: CVAE=1.36412, IPL=0.00355, OPL=0.000103, lambda_eff=263; train_shed=3.96e-05, train_regret=0.0163; fixed_val_shed=6.98e-05, fixed_val_carbon=0.0122, fixed_val_regret=0.0211
Recourse DFL epoch 43/45: CVAE=1.27155, IPL=0.00371, OPL=7.65e-05, lambda_eff=284; train_shed=4.71e-05, train_regret=0.0157; fixed_val_shed=6.97e-05, fixed_val_carbon=0.0122, fixed_val_regret=0.0178
Recourse DFL epoch 44/45: CVAE=1.24142, IPL=0.00357, OPL=7.08e-05, lambda_eff=280; train_shed=3.92e-05, train_regret=0.0161; fixed_val_shed=6.95e-05, fixed_val_carbon=0.0122, fixed_val_regret=0.021
Recourse DFL epoch 45/45: CVAE=1.0224, IPL=0.00367, OPL=8.11e-05, lambda_eff=249; train_shed=4.71e-05, train_regret=0.0149; fixed_val_shed=7.94e-05, fixed_val_carbon=0.0122, fixed_val_regret=0.0194
WARNING: history.json contains 40 non-finite value(s), written as null: [0].decision_regret, [0].planning_objective, [0].recourse_objective, [0].reference_objective, [1].decision_regret, [1].planning_objective, [1].recourse_objective, [1].reference_objective, [2].decision_regret, [2].planning_objective, [2].recourse_objective, [2].reference_objective, [3].decision_regret, [3].planning_objective, [3].recourse_objective, [3].reference_objective, [4].decision_regret, [4].planning_objective, [4].recourse_objective, [4].reference_objective, [5].decision_regret, [5].planning_objective, [5].recourse_objective, [5].reference_objective, [6].decision_regret, [6].planning_objective, [6].recourse_objective, [6].reference_objective, [7].decision_regret, [7].planning_objective, [7].recourse_objective, [7].reference_objective, [8].decision_regret, [8].planning_objective, [8].recourse_objective, [8].reference_objective, [9].decision_regret, [9].planning_objective, [9].recourse_objective, [9].reference_objective. A non-finite relative_gap means the solve stopped without proving a bound -- check the status field, and if it is 'memlimit' raise solver_memory_limit_mb or shrink the scenario set.
generator: cvae
method: recourse_feasibility
device: cuda
epochs: 45
scenario weights: [0.19858040459298443, 0.0023659923450259565, 0.0023659923450259565, 0.19858040459298443, 0.19858040459298443, 0.19858040459298443, 0.0023659923450259565, 0.19858040459298443]
final design: installed=['PCC'], P=1.2693 MW, E=5.5355 MWh
checkpoint: E:\Vscode\ESS_planning\dfl-storage-planning-local\outputs\baselines\learning_objective\hourly_layered_t1\opl_only\seed_20260808\runs\20260811-210147\checkpoint.pt
run id: 20260811-210147

EVALUATION COMMAND
D:\APPs\Anaconda\envs\storage-dfl\python.exe E:\Vscode\ESS_planning\dfl-storage-planning-local\scripts\evaluate.py --config E:\Vscode\ESS_planning\dfl-storage-planning-local\outputs\baselines\learning_objective\hourly_layered_t1\suites\20260811-185935\configs\opl_only_seed_20260808.yaml --checkpoint E:\Vscode\ESS_planning\dfl-storage-planning-local\outputs\baselines\learning_objective\hourly_layered_t1\opl_only\seed_20260808\runs\20260811-210147\checkpoint.pt

Starting evaluation with E:\Vscode\ESS_planning\dfl-storage-planning-local\outputs\baselines\learning_objective\hourly_layered_t1\suites\20260811-185935\configs\opl_only_seed_20260808.yaml...
Out-of-sample evaluation: solving 16 scenarios separately...
No-storage reference: solving 16 scenarios separately...
Perfect-information reference: solving the true scenario MILP...
generator: cvae
method: recourse_feasibility
evaluated checkpoint: E:\Vscode\ESS_planning\dfl-storage-planning-local\outputs\baselines\learning_objective\hourly_layered_t1\opl_only\seed_20260808\runs\20260811-210147\checkpoint.pt
training run id: 20260811-210147
trained carbon formulation: layered_pcc
evaluation carbon formulation: layered_pcc
evaluated design source: selected_training_design
installed buses: ['PCC']
power MW: {'PCC': 1.2693192122691743}
energy MWh: {'PCC': 5.535488251878569}
planning objective: 5235150.69
validation objective: 5808638.91
no-storage reference: 6016801.86
storage value: 208162.95
normalized decision regret: 0.024779
load shedding MWh: 3.713303
carbon excess tCO2: 823.850116
PV curtailment MWh: 0.000000
served demand MWh: 74474.299481
recourse operating cost: 5311664.24
recourse total planning cost: 5808638.91
